[2026-05-24T16:49:05.175+0000] {processor.py:186} INFO - Started process (PID=175) to work on /opt/airflow/dags/pipeline.py
[2026-05-24T16:49:05.176+0000] {processor.py:914} INFO - Processing file /opt/airflow/dags/pipeline.py for tasks to queue
[2026-05-24T16:49:05.178+0000] {logging_mixin.py:190} INFO - [2026-05-24T16:49:05.177+0000] {dagbag.py:588} INFO - Filling up the DagBag from /opt/airflow/dags/pipeline.py
[2026-05-24T16:49:05.209+0000] {processor.py:925} INFO - DAG(s) 'lastfm_pipeline' retrieved from /opt/airflow/dags/pipeline.py
[2026-05-24T16:49:05.476+0000] {logging_mixin.py:190} INFO - [2026-05-24T16:49:05.475+0000] {override.py:1930} INFO - Created Permission View: can delete on DAG:lastfm_pipeline
[2026-05-24T16:49:05.484+0000] {logging_mixin.py:190} INFO - [2026-05-24T16:49:05.484+0000] {override.py:1930} INFO - Created Permission View: can read on DAG:lastfm_pipeline
[2026-05-24T16:49:05.490+0000] {logging_mixin.py:190} INFO - [2026-05-24T16:49:05.489+0000] {override.py:1930} INFO - Created Permission View: can edit on DAG:lastfm_pipeline
[2026-05-24T16:49:05.495+0000] {logging_mixin.py:190} INFO - [2026-05-24T16:49:05.495+0000] {override.py:1930} INFO - Created Permission View: can delete on DAG Run:lastfm_pipeline
[2026-05-24T16:49:05.501+0000] {logging_mixin.py:190} INFO - [2026-05-24T16:49:05.500+0000] {override.py:1930} INFO - Created Permission View: can read on DAG Run:lastfm_pipeline
[2026-05-24T16:49:05.505+0000] {logging_mixin.py:190} INFO - [2026-05-24T16:49:05.505+0000] {override.py:1930} INFO - Created Permission View: menu access on DAG Run:lastfm_pipeline
[2026-05-24T16:49:05.510+0000] {logging_mixin.py:190} INFO - [2026-05-24T16:49:05.510+0000] {override.py:1930} INFO - Created Permission View: can create on DAG Run:lastfm_pipeline
[2026-05-24T16:49:05.510+0000] {logging_mixin.py:190} INFO - [2026-05-24T16:49:05.510+0000] {dag.py:3239} INFO - Sync 1 DAGs
[2026-05-24T16:49:05.522+0000] {logging_mixin.py:190} INFO - [2026-05-24T16:49:05.522+0000] {dag.py:3262} INFO - Creating ORM DAG for lastfm_pipeline
[2026-05-24T16:49:05.532+0000] {logging_mixin.py:190} INFO - [2026-05-24T16:49:05.532+0000] {dag.py:4180} INFO - Setting next_dagrun for lastfm_pipeline to 2026-05-23 00:00:00+00:00, run_after=2026-05-24 00:00:00+00:00
[2026-05-24T16:49:05.543+0000] {processor.py:208} INFO - Processing /opt/airflow/dags/pipeline.py took 0.372 seconds
[2026-05-24T16:49:35.725+0000] {processor.py:186} INFO - Started process (PID=180) to work on /opt/airflow/dags/pipeline.py
[2026-05-24T16:49:35.727+0000] {processor.py:914} INFO - Processing file /opt/airflow/dags/pipeline.py for tasks to queue
[2026-05-24T16:49:35.729+0000] {logging_mixin.py:190} INFO - [2026-05-24T16:49:35.729+0000] {dagbag.py:588} INFO - Filling up the DagBag from /opt/airflow/dags/pipeline.py
[2026-05-24T16:49:35.746+0000] {processor.py:925} INFO - DAG(s) 'lastfm_pipeline' retrieved from /opt/airflow/dags/pipeline.py
[2026-05-24T16:49:35.775+0000] {logging_mixin.py:190} INFO - [2026-05-24T16:49:35.775+0000] {dag.py:3239} INFO - Sync 1 DAGs
[2026-05-24T16:49:35.796+0000] {logging_mixin.py:190} INFO - [2026-05-24T16:49:35.796+0000] {dag.py:4180} INFO - Setting next_dagrun for lastfm_pipeline to 2026-05-23 00:00:00+00:00, run_after=2026-05-24 00:00:00+00:00
[2026-05-24T16:49:35.812+0000] {processor.py:208} INFO - Processing /opt/airflow/dags/pipeline.py took 0.091 seconds
[2026-05-24T16:50:05.928+0000] {processor.py:186} INFO - Started process (PID=185) to work on /opt/airflow/dags/pipeline.py
[2026-05-24T16:50:05.929+0000] {processor.py:914} INFO - Processing file /opt/airflow/dags/pipeline.py for tasks to queue
[2026-05-24T16:50:05.932+0000] {logging_mixin.py:190} INFO - [2026-05-24T16:50:05.932+0000] {dagbag.py:588} INFO - Filling up the DagBag from /opt/airflow/dags/pipeline.py
[2026-05-24T16:50:05.952+0000] {processor.py:925} INFO - DAG(s) 'lastfm_pipeline' retrieved from /opt/airflow/dags/pipeline.py
[2026-05-24T16:50:05.991+0000] {logging_mixin.py:190} INFO - [2026-05-24T16:50:05.991+0000] {dag.py:3239} INFO - Sync 1 DAGs
[2026-05-24T16:50:06.024+0000] {logging_mixin.py:190} INFO - [2026-05-24T16:50:06.024+0000] {dag.py:4180} INFO - Setting next_dagrun for lastfm_pipeline to 2026-05-23 00:00:00+00:00, run_after=2026-05-24 00:00:00+00:00
[2026-05-24T16:50:06.048+0000] {processor.py:208} INFO - Processing /opt/airflow/dags/pipeline.py took 0.128 seconds
[2026-05-24T16:50:36.178+0000] {processor.py:186} INFO - Started process (PID=190) to work on /opt/airflow/dags/pipeline.py
[2026-05-24T16:50:36.179+0000] {processor.py:914} INFO - Processing file /opt/airflow/dags/pipeline.py for tasks to queue
[2026-05-24T16:50:36.180+0000] {logging_mixin.py:190} INFO - [2026-05-24T16:50:36.180+0000] {dagbag.py:588} INFO - Filling up the DagBag from /opt/airflow/dags/pipeline.py
[2026-05-24T16:50:36.192+0000] {processor.py:925} INFO - DAG(s) 'lastfm_pipeline' retrieved from /opt/airflow/dags/pipeline.py
[2026-05-24T16:50:36.219+0000] {logging_mixin.py:190} INFO - [2026-05-24T16:50:36.218+0000] {dag.py:3239} INFO - Sync 1 DAGs
[2026-05-24T16:50:36.239+0000] {logging_mixin.py:190} INFO - [2026-05-24T16:50:36.239+0000] {dag.py:4180} INFO - Setting next_dagrun for lastfm_pipeline to 2026-05-23 00:00:00+00:00, run_after=2026-05-24 00:00:00+00:00
[2026-05-24T16:50:36.254+0000] {processor.py:208} INFO - Processing /opt/airflow/dags/pipeline.py took 0.080 seconds
[2026-05-24T16:51:06.420+0000] {processor.py:186} INFO - Started process (PID=195) to work on /opt/airflow/dags/pipeline.py
[2026-05-24T16:51:06.421+0000] {processor.py:914} INFO - Processing file /opt/airflow/dags/pipeline.py for tasks to queue
[2026-05-24T16:51:06.424+0000] {logging_mixin.py:190} INFO - [2026-05-24T16:51:06.424+0000] {dagbag.py:588} INFO - Filling up the DagBag from /opt/airflow/dags/pipeline.py
[2026-05-24T16:51:06.442+0000] {processor.py:925} INFO - DAG(s) 'lastfm_pipeline' retrieved from /opt/airflow/dags/pipeline.py
[2026-05-24T16:51:06.480+0000] {logging_mixin.py:190} INFO - [2026-05-24T16:51:06.479+0000] {dag.py:3239} INFO - Sync 1 DAGs
[2026-05-24T16:51:06.511+0000] {logging_mixin.py:190} INFO - [2026-05-24T16:51:06.511+0000] {dag.py:4180} INFO - Setting next_dagrun for lastfm_pipeline to 2026-05-23 00:00:00+00:00, run_after=2026-05-24 00:00:00+00:00
[2026-05-24T16:51:06.534+0000] {processor.py:208} INFO - Processing /opt/airflow/dags/pipeline.py took 0.122 seconds
[2026-05-24T16:51:36.635+0000] {processor.py:186} INFO - Started process (PID=200) to work on /opt/airflow/dags/pipeline.py
[2026-05-24T16:51:36.636+0000] {processor.py:914} INFO - Processing file /opt/airflow/dags/pipeline.py for tasks to queue
[2026-05-24T16:51:36.639+0000] {logging_mixin.py:190} INFO - [2026-05-24T16:51:36.639+0000] {dagbag.py:588} INFO - Filling up the DagBag from /opt/airflow/dags/pipeline.py
[2026-05-24T16:51:36.658+0000] {processor.py:925} INFO - DAG(s) 'lastfm_pipeline' retrieved from /opt/airflow/dags/pipeline.py
[2026-05-24T16:51:36.695+0000] {logging_mixin.py:190} INFO - [2026-05-24T16:51:36.694+0000] {dag.py:3239} INFO - Sync 1 DAGs
[2026-05-24T16:51:36.727+0000] {logging_mixin.py:190} INFO - [2026-05-24T16:51:36.727+0000] {dag.py:4180} INFO - Setting next_dagrun for lastfm_pipeline to 2026-05-23 00:00:00+00:00, run_after=2026-05-24 00:00:00+00:00
[2026-05-24T16:51:36.752+0000] {processor.py:208} INFO - Processing /opt/airflow/dags/pipeline.py took 0.124 seconds
[2026-05-24T16:52:06.934+0000] {processor.py:186} INFO - Started process (PID=205) to work on /opt/airflow/dags/pipeline.py
[2026-05-24T16:52:06.937+0000] {processor.py:914} INFO - Processing file /opt/airflow/dags/pipeline.py for tasks to queue
[2026-05-24T16:52:06.941+0000] {logging_mixin.py:190} INFO - [2026-05-24T16:52:06.940+0000] {dagbag.py:588} INFO - Filling up the DagBag from /opt/airflow/dags/pipeline.py
[2026-05-24T16:52:06.960+0000] {processor.py:925} INFO - DAG(s) 'lastfm_pipeline' retrieved from /opt/airflow/dags/pipeline.py
[2026-05-24T16:52:06.999+0000] {logging_mixin.py:190} INFO - [2026-05-24T16:52:06.999+0000] {dag.py:3239} INFO - Sync 1 DAGs
[2026-05-24T16:52:07.028+0000] {logging_mixin.py:190} INFO - [2026-05-24T16:52:07.028+0000] {dag.py:4180} INFO - Setting next_dagrun for lastfm_pipeline to 2026-05-23 00:00:00+00:00, run_after=2026-05-24 00:00:00+00:00
[2026-05-24T16:52:07.050+0000] {processor.py:208} INFO - Processing /opt/airflow/dags/pipeline.py took 0.123 seconds
[2026-05-24T16:52:37.146+0000] {processor.py:186} INFO - Started process (PID=210) to work on /opt/airflow/dags/pipeline.py
[2026-05-24T16:52:37.147+0000] {processor.py:914} INFO - Processing file /opt/airflow/dags/pipeline.py for tasks to queue
[2026-05-24T16:52:37.150+0000] {logging_mixin.py:190} INFO - [2026-05-24T16:52:37.149+0000] {dagbag.py:588} INFO - Filling up the DagBag from /opt/airflow/dags/pipeline.py
[2026-05-24T16:52:37.169+0000] {processor.py:925} INFO - DAG(s) 'lastfm_pipeline' retrieved from /opt/airflow/dags/pipeline.py
[2026-05-24T16:52:37.208+0000] {logging_mixin.py:190} INFO - [2026-05-24T16:52:37.208+0000] {dag.py:3239} INFO - Sync 1 DAGs
[2026-05-24T16:52:37.241+0000] {logging_mixin.py:190} INFO - [2026-05-24T16:52:37.240+0000] {dag.py:4180} INFO - Setting next_dagrun for lastfm_pipeline to 2026-05-23 00:00:00+00:00, run_after=2026-05-24 00:00:00+00:00
[2026-05-24T16:52:37.265+0000] {processor.py:208} INFO - Processing /opt/airflow/dags/pipeline.py took 0.125 seconds
[2026-05-24T16:53:07.448+0000] {processor.py:186} INFO - Started process (PID=215) to work on /opt/airflow/dags/pipeline.py
[2026-05-24T16:53:07.451+0000] {processor.py:914} INFO - Processing file /opt/airflow/dags/pipeline.py for tasks to queue
[2026-05-24T16:53:07.453+0000] {logging_mixin.py:190} INFO - [2026-05-24T16:53:07.453+0000] {dagbag.py:588} INFO - Filling up the DagBag from /opt/airflow/dags/pipeline.py
[2026-05-24T16:53:07.473+0000] {processor.py:925} INFO - DAG(s) 'lastfm_pipeline' retrieved from /opt/airflow/dags/pipeline.py
[2026-05-24T16:53:07.509+0000] {logging_mixin.py:190} INFO - [2026-05-24T16:53:07.509+0000] {dag.py:3239} INFO - Sync 1 DAGs
[2026-05-24T16:53:07.539+0000] {logging_mixin.py:190} INFO - [2026-05-24T16:53:07.539+0000] {dag.py:4180} INFO - Setting next_dagrun for lastfm_pipeline to 2026-05-23 00:00:00+00:00, run_after=2026-05-24 00:00:00+00:00
[2026-05-24T16:53:07.561+0000] {processor.py:208} INFO - Processing /opt/airflow/dags/pipeline.py took 0.121 seconds
[2026-05-24T16:53:37.654+0000] {processor.py:186} INFO - Started process (PID=220) to work on /opt/airflow/dags/pipeline.py
[2026-05-24T16:53:37.655+0000] {processor.py:914} INFO - Processing file /opt/airflow/dags/pipeline.py for tasks to queue
[2026-05-24T16:53:37.658+0000] {logging_mixin.py:190} INFO - [2026-05-24T16:53:37.657+0000] {dagbag.py:588} INFO - Filling up the DagBag from /opt/airflow/dags/pipeline.py
[2026-05-24T16:53:37.679+0000] {processor.py:925} INFO - DAG(s) 'lastfm_pipeline' retrieved from /opt/airflow/dags/pipeline.py
[2026-05-24T16:53:37.717+0000] {logging_mixin.py:190} INFO - [2026-05-24T16:53:37.716+0000] {dag.py:3239} INFO - Sync 1 DAGs
[2026-05-24T16:53:37.749+0000] {logging_mixin.py:190} INFO - [2026-05-24T16:53:37.749+0000] {dag.py:4180} INFO - Setting next_dagrun for lastfm_pipeline to 2026-05-23 00:00:00+00:00, run_after=2026-05-24 00:00:00+00:00
[2026-05-24T16:53:37.773+0000] {processor.py:208} INFO - Processing /opt/airflow/dags/pipeline.py took 0.126 seconds
[2026-05-24T16:54:07.971+0000] {processor.py:186} INFO - Started process (PID=225) to work on /opt/airflow/dags/pipeline.py
[2026-05-24T16:54:07.974+0000] {processor.py:914} INFO - Processing file /opt/airflow/dags/pipeline.py for tasks to queue
[2026-05-24T16:54:07.977+0000] {logging_mixin.py:190} INFO - [2026-05-24T16:54:07.977+0000] {dagbag.py:588} INFO - Filling up the DagBag from /opt/airflow/dags/pipeline.py
[2026-05-24T16:54:07.996+0000] {processor.py:925} INFO - DAG(s) 'lastfm_pipeline' retrieved from /opt/airflow/dags/pipeline.py
[2026-05-24T16:54:08.032+0000] {logging_mixin.py:190} INFO - [2026-05-24T16:54:08.032+0000] {dag.py:3239} INFO - Sync 1 DAGs
[2026-05-24T16:54:08.065+0000] {logging_mixin.py:190} INFO - [2026-05-24T16:54:08.065+0000] {dag.py:4180} INFO - Setting next_dagrun for lastfm_pipeline to 2026-05-23 00:00:00+00:00, run_after=2026-05-24 00:00:00+00:00
[2026-05-24T16:54:08.089+0000] {processor.py:208} INFO - Processing /opt/airflow/dags/pipeline.py took 0.125 seconds
[2026-05-24T16:54:38.181+0000] {processor.py:186} INFO - Started process (PID=230) to work on /opt/airflow/dags/pipeline.py
[2026-05-24T16:54:38.182+0000] {processor.py:914} INFO - Processing file /opt/airflow/dags/pipeline.py for tasks to queue
[2026-05-24T16:54:38.185+0000] {logging_mixin.py:190} INFO - [2026-05-24T16:54:38.184+0000] {dagbag.py:588} INFO - Filling up the DagBag from /opt/airflow/dags/pipeline.py
[2026-05-24T16:54:38.204+0000] {processor.py:925} INFO - DAG(s) 'lastfm_pipeline' retrieved from /opt/airflow/dags/pipeline.py
[2026-05-24T16:54:38.242+0000] {logging_mixin.py:190} INFO - [2026-05-24T16:54:38.242+0000] {dag.py:3239} INFO - Sync 1 DAGs
[2026-05-24T16:54:38.273+0000] {logging_mixin.py:190} INFO - [2026-05-24T16:54:38.272+0000] {dag.py:4180} INFO - Setting next_dagrun for lastfm_pipeline to 2026-05-23 00:00:00+00:00, run_after=2026-05-24 00:00:00+00:00
[2026-05-24T16:54:38.297+0000] {processor.py:208} INFO - Processing /opt/airflow/dags/pipeline.py took 0.124 seconds
[2026-05-24T16:55:08.491+0000] {processor.py:186} INFO - Started process (PID=235) to work on /opt/airflow/dags/pipeline.py
[2026-05-24T16:55:08.494+0000] {processor.py:914} INFO - Processing file /opt/airflow/dags/pipeline.py for tasks to queue
[2026-05-24T16:55:08.498+0000] {logging_mixin.py:190} INFO - [2026-05-24T16:55:08.497+0000] {dagbag.py:588} INFO - Filling up the DagBag from /opt/airflow/dags/pipeline.py
[2026-05-24T16:55:08.516+0000] {processor.py:925} INFO - DAG(s) 'lastfm_pipeline' retrieved from /opt/airflow/dags/pipeline.py
[2026-05-24T16:55:08.552+0000] {logging_mixin.py:190} INFO - [2026-05-24T16:55:08.552+0000] {dag.py:3239} INFO - Sync 1 DAGs
[2026-05-24T16:55:08.582+0000] {logging_mixin.py:190} INFO - [2026-05-24T16:55:08.582+0000] {dag.py:4180} INFO - Setting next_dagrun for lastfm_pipeline to 2026-05-23 00:00:00+00:00, run_after=2026-05-24 00:00:00+00:00
[2026-05-24T16:55:08.604+0000] {processor.py:208} INFO - Processing /opt/airflow/dags/pipeline.py took 0.120 seconds
[2026-05-24T16:55:38.703+0000] {processor.py:186} INFO - Started process (PID=240) to work on /opt/airflow/dags/pipeline.py
[2026-05-24T16:55:38.704+0000] {processor.py:914} INFO - Processing file /opt/airflow/dags/pipeline.py for tasks to queue
[2026-05-24T16:55:38.706+0000] {logging_mixin.py:190} INFO - [2026-05-24T16:55:38.706+0000] {dagbag.py:588} INFO - Filling up the DagBag from /opt/airflow/dags/pipeline.py
[2026-05-24T16:55:38.725+0000] {processor.py:925} INFO - DAG(s) 'lastfm_pipeline' retrieved from /opt/airflow/dags/pipeline.py
[2026-05-24T16:55:38.763+0000] {logging_mixin.py:190} INFO - [2026-05-24T16:55:38.762+0000] {dag.py:3239} INFO - Sync 1 DAGs
[2026-05-24T16:55:38.792+0000] {logging_mixin.py:190} INFO - [2026-05-24T16:55:38.792+0000] {dag.py:4180} INFO - Setting next_dagrun for lastfm_pipeline to 2026-05-23 00:00:00+00:00, run_after=2026-05-24 00:00:00+00:00
[2026-05-24T16:55:38.815+0000] {processor.py:208} INFO - Processing /opt/airflow/dags/pipeline.py took 0.121 seconds
[2026-05-24T16:56:09.011+0000] {processor.py:186} INFO - Started process (PID=245) to work on /opt/airflow/dags/pipeline.py
[2026-05-24T16:56:09.014+0000] {processor.py:914} INFO - Processing file /opt/airflow/dags/pipeline.py for tasks to queue
[2026-05-24T16:56:09.017+0000] {logging_mixin.py:190} INFO - [2026-05-24T16:56:09.017+0000] {dagbag.py:588} INFO - Filling up the DagBag from /opt/airflow/dags/pipeline.py
[2026-05-24T16:56:09.036+0000] {processor.py:925} INFO - DAG(s) 'lastfm_pipeline' retrieved from /opt/airflow/dags/pipeline.py
[2026-05-24T16:56:09.072+0000] {logging_mixin.py:190} INFO - [2026-05-24T16:56:09.071+0000] {dag.py:3239} INFO - Sync 1 DAGs
[2026-05-24T16:56:09.102+0000] {logging_mixin.py:190} INFO - [2026-05-24T16:56:09.101+0000] {dag.py:4180} INFO - Setting next_dagrun for lastfm_pipeline to 2026-05-23 00:00:00+00:00, run_after=2026-05-24 00:00:00+00:00
[2026-05-24T16:56:09.125+0000] {processor.py:208} INFO - Processing /opt/airflow/dags/pipeline.py took 0.121 seconds
[2026-05-24T16:56:39.224+0000] {processor.py:186} INFO - Started process (PID=250) to work on /opt/airflow/dags/pipeline.py
[2026-05-24T16:56:39.225+0000] {processor.py:914} INFO - Processing file /opt/airflow/dags/pipeline.py for tasks to queue
[2026-05-24T16:56:39.227+0000] {logging_mixin.py:190} INFO - [2026-05-24T16:56:39.227+0000] {dagbag.py:588} INFO - Filling up the DagBag from /opt/airflow/dags/pipeline.py
[2026-05-24T16:56:39.246+0000] {processor.py:925} INFO - DAG(s) 'lastfm_pipeline' retrieved from /opt/airflow/dags/pipeline.py
[2026-05-24T16:56:39.286+0000] {logging_mixin.py:190} INFO - [2026-05-24T16:56:39.285+0000] {dag.py:3239} INFO - Sync 1 DAGs
[2026-05-24T16:56:39.317+0000] {logging_mixin.py:190} INFO - [2026-05-24T16:56:39.317+0000] {dag.py:4180} INFO - Setting next_dagrun for lastfm_pipeline to 2026-05-23 00:00:00+00:00, run_after=2026-05-24 00:00:00+00:00
[2026-05-24T16:56:39.338+0000] {processor.py:208} INFO - Processing /opt/airflow/dags/pipeline.py took 0.122 seconds
[2026-05-24T16:57:09.524+0000] {processor.py:186} INFO - Started process (PID=255) to work on /opt/airflow/dags/pipeline.py
[2026-05-24T16:57:09.526+0000] {processor.py:914} INFO - Processing file /opt/airflow/dags/pipeline.py for tasks to queue
[2026-05-24T16:57:09.529+0000] {logging_mixin.py:190} INFO - [2026-05-24T16:57:09.529+0000] {dagbag.py:588} INFO - Filling up the DagBag from /opt/airflow/dags/pipeline.py
[2026-05-24T16:57:09.548+0000] {processor.py:925} INFO - DAG(s) 'lastfm_pipeline' retrieved from /opt/airflow/dags/pipeline.py
[2026-05-24T16:57:09.583+0000] {logging_mixin.py:190} INFO - [2026-05-24T16:57:09.583+0000] {dag.py:3239} INFO - Sync 1 DAGs
[2026-05-24T16:57:09.615+0000] {logging_mixin.py:190} INFO - [2026-05-24T16:57:09.615+0000] {dag.py:4180} INFO - Setting next_dagrun for lastfm_pipeline to 2026-05-23 00:00:00+00:00, run_after=2026-05-24 00:00:00+00:00
[2026-05-24T16:57:09.637+0000] {processor.py:208} INFO - Processing /opt/airflow/dags/pipeline.py took 0.120 seconds
[2026-05-24T16:57:39.735+0000] {processor.py:186} INFO - Started process (PID=260) to work on /opt/airflow/dags/pipeline.py
[2026-05-24T16:57:39.736+0000] {processor.py:914} INFO - Processing file /opt/airflow/dags/pipeline.py for tasks to queue
[2026-05-24T16:57:39.739+0000] {logging_mixin.py:190} INFO - [2026-05-24T16:57:39.739+0000] {dagbag.py:588} INFO - Filling up the DagBag from /opt/airflow/dags/pipeline.py
[2026-05-24T16:57:39.760+0000] {processor.py:925} INFO - DAG(s) 'lastfm_pipeline' retrieved from /opt/airflow/dags/pipeline.py
[2026-05-24T16:57:39.801+0000] {logging_mixin.py:190} INFO - [2026-05-24T16:57:39.800+0000] {dag.py:3239} INFO - Sync 1 DAGs
[2026-05-24T16:57:39.834+0000] {logging_mixin.py:190} INFO - [2026-05-24T16:57:39.833+0000] {dag.py:4180} INFO - Setting next_dagrun for lastfm_pipeline to 2026-05-23 00:00:00+00:00, run_after=2026-05-24 00:00:00+00:00
[2026-05-24T16:57:39.860+0000] {processor.py:208} INFO - Processing /opt/airflow/dags/pipeline.py took 0.133 seconds
[2026-05-24T16:58:10.071+0000] {processor.py:186} INFO - Started process (PID=265) to work on /opt/airflow/dags/pipeline.py
[2026-05-24T16:58:10.074+0000] {processor.py:914} INFO - Processing file /opt/airflow/dags/pipeline.py for tasks to queue
[2026-05-24T16:58:10.077+0000] {logging_mixin.py:190} INFO - [2026-05-24T16:58:10.076+0000] {dagbag.py:588} INFO - Filling up the DagBag from /opt/airflow/dags/pipeline.py
[2026-05-24T16:58:10.097+0000] {processor.py:925} INFO - DAG(s) 'lastfm_pipeline' retrieved from /opt/airflow/dags/pipeline.py
[2026-05-24T16:58:10.136+0000] {logging_mixin.py:190} INFO - [2026-05-24T16:58:10.135+0000] {dag.py:3239} INFO - Sync 1 DAGs
[2026-05-24T16:58:10.169+0000] {logging_mixin.py:190} INFO - [2026-05-24T16:58:10.169+0000] {dag.py:4180} INFO - Setting next_dagrun for lastfm_pipeline to 2026-05-23 00:00:00+00:00, run_after=2026-05-24 00:00:00+00:00
[2026-05-24T16:58:10.196+0000] {processor.py:208} INFO - Processing /opt/airflow/dags/pipeline.py took 0.133 seconds
[2026-05-24T16:58:40.317+0000] {processor.py:186} INFO - Started process (PID=270) to work on /opt/airflow/dags/pipeline.py
[2026-05-24T16:58:40.318+0000] {processor.py:914} INFO - Processing file /opt/airflow/dags/pipeline.py for tasks to queue
[2026-05-24T16:58:40.322+0000] {logging_mixin.py:190} INFO - [2026-05-24T16:58:40.321+0000] {dagbag.py:588} INFO - Filling up the DagBag from /opt/airflow/dags/pipeline.py
[2026-05-24T16:58:40.342+0000] {processor.py:925} INFO - DAG(s) 'lastfm_pipeline' retrieved from /opt/airflow/dags/pipeline.py
[2026-05-24T16:58:40.383+0000] {logging_mixin.py:190} INFO - [2026-05-24T16:58:40.383+0000] {dag.py:3239} INFO - Sync 1 DAGs
[2026-05-24T16:58:40.416+0000] {logging_mixin.py:190} INFO - [2026-05-24T16:58:40.415+0000] {dag.py:4180} INFO - Setting next_dagrun for lastfm_pipeline to 2026-05-23 00:00:00+00:00, run_after=2026-05-24 00:00:00+00:00
[2026-05-24T16:58:40.441+0000] {processor.py:208} INFO - Processing /opt/airflow/dags/pipeline.py took 0.132 seconds
[2026-05-24T16:59:10.654+0000] {processor.py:186} INFO - Started process (PID=275) to work on /opt/airflow/dags/pipeline.py
[2026-05-24T16:59:10.657+0000] {processor.py:914} INFO - Processing file /opt/airflow/dags/pipeline.py for tasks to queue
[2026-05-24T16:59:10.661+0000] {logging_mixin.py:190} INFO - [2026-05-24T16:59:10.660+0000] {dagbag.py:588} INFO - Filling up the DagBag from /opt/airflow/dags/pipeline.py
[2026-05-24T16:59:10.680+0000] {processor.py:925} INFO - DAG(s) 'lastfm_pipeline' retrieved from /opt/airflow/dags/pipeline.py
[2026-05-24T16:59:10.719+0000] {logging_mixin.py:190} INFO - [2026-05-24T16:59:10.718+0000] {dag.py:3239} INFO - Sync 1 DAGs
[2026-05-24T16:59:10.751+0000] {logging_mixin.py:190} INFO - [2026-05-24T16:59:10.750+0000] {dag.py:4180} INFO - Setting next_dagrun for lastfm_pipeline to 2026-05-23 00:00:00+00:00, run_after=2026-05-24 00:00:00+00:00
[2026-05-24T16:59:10.776+0000] {processor.py:208} INFO - Processing /opt/airflow/dags/pipeline.py took 0.129 seconds
[2026-05-24T16:59:40.882+0000] {processor.py:186} INFO - Started process (PID=280) to work on /opt/airflow/dags/pipeline.py
[2026-05-24T16:59:40.883+0000] {processor.py:914} INFO - Processing file /opt/airflow/dags/pipeline.py for tasks to queue
[2026-05-24T16:59:40.885+0000] {logging_mixin.py:190} INFO - [2026-05-24T16:59:40.885+0000] {dagbag.py:588} INFO - Filling up the DagBag from /opt/airflow/dags/pipeline.py
[2026-05-24T16:59:40.905+0000] {processor.py:925} INFO - DAG(s) 'lastfm_pipeline' retrieved from /opt/airflow/dags/pipeline.py
[2026-05-24T16:59:40.946+0000] {logging_mixin.py:190} INFO - [2026-05-24T16:59:40.946+0000] {dag.py:3239} INFO - Sync 1 DAGs
[2026-05-24T16:59:40.978+0000] {logging_mixin.py:190} INFO - [2026-05-24T16:59:40.978+0000] {dag.py:4180} INFO - Setting next_dagrun for lastfm_pipeline to 2026-05-23 00:00:00+00:00, run_after=2026-05-24 00:00:00+00:00
[2026-05-24T16:59:41.005+0000] {processor.py:208} INFO - Processing /opt/airflow/dags/pipeline.py took 0.131 seconds
[2026-05-24T17:00:11.201+0000] {processor.py:186} INFO - Started process (PID=285) to work on /opt/airflow/dags/pipeline.py
[2026-05-24T17:00:11.204+0000] {processor.py:914} INFO - Processing file /opt/airflow/dags/pipeline.py for tasks to queue
[2026-05-24T17:00:11.208+0000] {logging_mixin.py:190} INFO - [2026-05-24T17:00:11.207+0000] {dagbag.py:588} INFO - Filling up the DagBag from /opt/airflow/dags/pipeline.py
[2026-05-24T17:00:11.227+0000] {processor.py:925} INFO - DAG(s) 'lastfm_pipeline' retrieved from /opt/airflow/dags/pipeline.py
[2026-05-24T17:00:11.261+0000] {logging_mixin.py:190} INFO - [2026-05-24T17:00:11.261+0000] {dag.py:3239} INFO - Sync 1 DAGs
[2026-05-24T17:00:11.290+0000] {logging_mixin.py:190} INFO - [2026-05-24T17:00:11.289+0000] {dag.py:4180} INFO - Setting next_dagrun for lastfm_pipeline to 2026-05-23 00:00:00+00:00, run_after=2026-05-24 00:00:00+00:00
[2026-05-24T17:00:11.310+0000] {processor.py:208} INFO - Processing /opt/airflow/dags/pipeline.py took 0.116 seconds
[2026-05-24T17:00:41.406+0000] {processor.py:186} INFO - Started process (PID=290) to work on /opt/airflow/dags/pipeline.py
[2026-05-24T17:00:41.407+0000] {processor.py:914} INFO - Processing file /opt/airflow/dags/pipeline.py for tasks to queue
[2026-05-24T17:00:41.410+0000] {logging_mixin.py:190} INFO - [2026-05-24T17:00:41.409+0000] {dagbag.py:588} INFO - Filling up the DagBag from /opt/airflow/dags/pipeline.py
[2026-05-24T17:00:41.429+0000] {processor.py:925} INFO - DAG(s) 'lastfm_pipeline' retrieved from /opt/airflow/dags/pipeline.py
[2026-05-24T17:00:41.466+0000] {logging_mixin.py:190} INFO - [2026-05-24T17:00:41.465+0000] {dag.py:3239} INFO - Sync 1 DAGs
[2026-05-24T17:00:41.497+0000] {logging_mixin.py:190} INFO - [2026-05-24T17:00:41.497+0000] {dag.py:4180} INFO - Setting next_dagrun for lastfm_pipeline to 2026-05-23 00:00:00+00:00, run_after=2026-05-24 00:00:00+00:00
[2026-05-24T17:00:41.521+0000] {processor.py:208} INFO - Processing /opt/airflow/dags/pipeline.py took 0.123 seconds
[2026-05-24T17:01:11.688+0000] {processor.py:186} INFO - Started process (PID=295) to work on /opt/airflow/dags/pipeline.py
[2026-05-24T17:01:11.689+0000] {processor.py:914} INFO - Processing file /opt/airflow/dags/pipeline.py for tasks to queue
[2026-05-24T17:01:11.691+0000] {logging_mixin.py:190} INFO - [2026-05-24T17:01:11.691+0000] {dagbag.py:588} INFO - Filling up the DagBag from /opt/airflow/dags/pipeline.py
[2026-05-24T17:01:11.710+0000] {processor.py:925} INFO - DAG(s) 'lastfm_pipeline' retrieved from /opt/airflow/dags/pipeline.py
[2026-05-24T17:01:11.748+0000] {logging_mixin.py:190} INFO - [2026-05-24T17:01:11.748+0000] {dag.py:3239} INFO - Sync 1 DAGs
[2026-05-24T17:01:11.780+0000] {logging_mixin.py:190} INFO - [2026-05-24T17:01:11.779+0000] {dag.py:4180} INFO - Setting next_dagrun for lastfm_pipeline to 2026-05-23 00:00:00+00:00, run_after=2026-05-24 00:00:00+00:00
[2026-05-24T17:01:11.802+0000] {processor.py:208} INFO - Processing /opt/airflow/dags/pipeline.py took 0.122 seconds
[2026-05-24T17:01:41.902+0000] {processor.py:186} INFO - Started process (PID=300) to work on /opt/airflow/dags/pipeline.py
[2026-05-24T17:01:41.903+0000] {processor.py:914} INFO - Processing file /opt/airflow/dags/pipeline.py for tasks to queue
[2026-05-24T17:01:41.905+0000] {logging_mixin.py:190} INFO - [2026-05-24T17:01:41.905+0000] {dagbag.py:588} INFO - Filling up the DagBag from /opt/airflow/dags/pipeline.py
[2026-05-24T17:01:41.925+0000] {processor.py:925} INFO - DAG(s) 'lastfm_pipeline' retrieved from /opt/airflow/dags/pipeline.py
[2026-05-24T17:01:41.963+0000] {logging_mixin.py:190} INFO - [2026-05-24T17:01:41.962+0000] {dag.py:3239} INFO - Sync 1 DAGs
[2026-05-24T17:01:41.998+0000] {logging_mixin.py:190} INFO - [2026-05-24T17:01:41.997+0000] {dag.py:4180} INFO - Setting next_dagrun for lastfm_pipeline to 2026-05-23 00:00:00+00:00, run_after=2026-05-24 00:00:00+00:00
[2026-05-24T17:01:42.018+0000] {processor.py:208} INFO - Processing /opt/airflow/dags/pipeline.py took 0.124 seconds
[2026-05-24T17:02:12.206+0000] {processor.py:186} INFO - Started process (PID=305) to work on /opt/airflow/dags/pipeline.py
[2026-05-24T17:02:12.207+0000] {processor.py:914} INFO - Processing file /opt/airflow/dags/pipeline.py for tasks to queue
[2026-05-24T17:02:12.210+0000] {logging_mixin.py:190} INFO - [2026-05-24T17:02:12.210+0000] {dagbag.py:588} INFO - Filling up the DagBag from /opt/airflow/dags/pipeline.py
[2026-05-24T17:02:12.230+0000] {processor.py:925} INFO - DAG(s) 'lastfm_pipeline' retrieved from /opt/airflow/dags/pipeline.py
[2026-05-24T17:02:12.271+0000] {logging_mixin.py:190} INFO - [2026-05-24T17:02:12.270+0000] {dag.py:3239} INFO - Sync 1 DAGs
[2026-05-24T17:02:12.308+0000] {logging_mixin.py:190} INFO - [2026-05-24T17:02:12.308+0000] {dag.py:4180} INFO - Setting next_dagrun for lastfm_pipeline to 2026-05-23 00:00:00+00:00, run_after=2026-05-24 00:00:00+00:00
[2026-05-24T17:02:12.334+0000] {processor.py:208} INFO - Processing /opt/airflow/dags/pipeline.py took 0.135 seconds
[2026-05-24T17:02:42.427+0000] {processor.py:186} INFO - Started process (PID=310) to work on /opt/airflow/dags/pipeline.py
[2026-05-24T17:02:42.428+0000] {processor.py:914} INFO - Processing file /opt/airflow/dags/pipeline.py for tasks to queue
[2026-05-24T17:02:42.431+0000] {logging_mixin.py:190} INFO - [2026-05-24T17:02:42.431+0000] {dagbag.py:588} INFO - Filling up the DagBag from /opt/airflow/dags/pipeline.py
[2026-05-24T17:02:42.451+0000] {processor.py:925} INFO - DAG(s) 'lastfm_pipeline' retrieved from /opt/airflow/dags/pipeline.py
[2026-05-24T17:02:42.491+0000] {logging_mixin.py:190} INFO - [2026-05-24T17:02:42.490+0000] {dag.py:3239} INFO - Sync 1 DAGs
[2026-05-24T17:02:42.525+0000] {logging_mixin.py:190} INFO - [2026-05-24T17:02:42.525+0000] {dag.py:4180} INFO - Setting next_dagrun for lastfm_pipeline to 2026-05-23 00:00:00+00:00, run_after=2026-05-24 00:00:00+00:00
[2026-05-24T17:02:42.548+0000] {processor.py:208} INFO - Processing /opt/airflow/dags/pipeline.py took 0.129 seconds
[2026-05-24T17:03:12.777+0000] {processor.py:186} INFO - Started process (PID=315) to work on /opt/airflow/dags/pipeline.py
[2026-05-24T17:03:12.780+0000] {processor.py:914} INFO - Processing file /opt/airflow/dags/pipeline.py for tasks to queue
[2026-05-24T17:03:12.784+0000] {logging_mixin.py:190} INFO - [2026-05-24T17:03:12.783+0000] {dagbag.py:588} INFO - Filling up the DagBag from /opt/airflow/dags/pipeline.py
[2026-05-24T17:03:12.806+0000] {processor.py:925} INFO - DAG(s) 'lastfm_pipeline' retrieved from /opt/airflow/dags/pipeline.py
[2026-05-24T17:03:12.850+0000] {logging_mixin.py:190} INFO - [2026-05-24T17:03:12.849+0000] {dag.py:3239} INFO - Sync 1 DAGs
[2026-05-24T17:03:12.886+0000] {logging_mixin.py:190} INFO - [2026-05-24T17:03:12.885+0000] {dag.py:4180} INFO - Setting next_dagrun for lastfm_pipeline to 2026-05-23 00:00:00+00:00, run_after=2026-05-24 00:00:00+00:00
[2026-05-24T17:03:12.909+0000] {processor.py:208} INFO - Processing /opt/airflow/dags/pipeline.py took 0.141 seconds
[2026-05-24T17:03:43.006+0000] {processor.py:186} INFO - Started process (PID=320) to work on /opt/airflow/dags/pipeline.py
[2026-05-24T17:03:43.007+0000] {processor.py:914} INFO - Processing file /opt/airflow/dags/pipeline.py for tasks to queue
[2026-05-24T17:03:43.010+0000] {logging_mixin.py:190} INFO - [2026-05-24T17:03:43.009+0000] {dagbag.py:588} INFO - Filling up the DagBag from /opt/airflow/dags/pipeline.py
[2026-05-24T17:03:43.031+0000] {processor.py:925} INFO - DAG(s) 'lastfm_pipeline' retrieved from /opt/airflow/dags/pipeline.py
[2026-05-24T17:03:43.070+0000] {logging_mixin.py:190} INFO - [2026-05-24T17:03:43.070+0000] {dag.py:3239} INFO - Sync 1 DAGs
[2026-05-24T17:03:43.104+0000] {logging_mixin.py:190} INFO - [2026-05-24T17:03:43.104+0000] {dag.py:4180} INFO - Setting next_dagrun for lastfm_pipeline to 2026-05-23 00:00:00+00:00, run_after=2026-05-24 00:00:00+00:00
[2026-05-24T17:03:43.129+0000] {processor.py:208} INFO - Processing /opt/airflow/dags/pipeline.py took 0.131 seconds
[2026-05-24T17:04:13.372+0000] {processor.py:186} INFO - Started process (PID=325) to work on /opt/airflow/dags/pipeline.py
[2026-05-24T17:04:13.378+0000] {processor.py:914} INFO - Processing file /opt/airflow/dags/pipeline.py for tasks to queue
[2026-05-24T17:04:13.381+0000] {logging_mixin.py:190} INFO - [2026-05-24T17:04:13.381+0000] {dagbag.py:588} INFO - Filling up the DagBag from /opt/airflow/dags/pipeline.py
[2026-05-24T17:04:13.406+0000] {processor.py:925} INFO - DAG(s) 'lastfm_pipeline' retrieved from /opt/airflow/dags/pipeline.py
[2026-05-24T17:04:13.447+0000] {logging_mixin.py:190} INFO - [2026-05-24T17:04:13.447+0000] {dag.py:3239} INFO - Sync 1 DAGs
[2026-05-24T17:04:13.479+0000] {logging_mixin.py:190} INFO - [2026-05-24T17:04:13.479+0000] {dag.py:4180} INFO - Setting next_dagrun for lastfm_pipeline to 2026-05-23 00:00:00+00:00, run_after=2026-05-24 00:00:00+00:00
[2026-05-24T17:04:13.505+0000] {processor.py:208} INFO - Processing /opt/airflow/dags/pipeline.py took 0.143 seconds
[2026-05-24T17:04:43.595+0000] {processor.py:186} INFO - Started process (PID=330) to work on /opt/airflow/dags/pipeline.py
[2026-05-24T17:04:43.596+0000] {processor.py:914} INFO - Processing file /opt/airflow/dags/pipeline.py for tasks to queue
[2026-05-24T17:04:43.599+0000] {logging_mixin.py:190} INFO - [2026-05-24T17:04:43.598+0000] {dagbag.py:588} INFO - Filling up the DagBag from /opt/airflow/dags/pipeline.py
[2026-05-24T17:04:43.619+0000] {processor.py:925} INFO - DAG(s) 'lastfm_pipeline' retrieved from /opt/airflow/dags/pipeline.py
[2026-05-24T17:04:43.657+0000] {logging_mixin.py:190} INFO - [2026-05-24T17:04:43.657+0000] {dag.py:3239} INFO - Sync 1 DAGs
[2026-05-24T17:04:43.689+0000] {logging_mixin.py:190} INFO - [2026-05-24T17:04:43.689+0000] {dag.py:4180} INFO - Setting next_dagrun for lastfm_pipeline to 2026-05-23 00:00:00+00:00, run_after=2026-05-24 00:00:00+00:00
[2026-05-24T17:04:43.719+0000] {processor.py:208} INFO - Processing /opt/airflow/dags/pipeline.py took 0.131 seconds
[2026-05-24T17:05:13.927+0000] {processor.py:186} INFO - Started process (PID=335) to work on /opt/airflow/dags/pipeline.py
[2026-05-24T17:05:13.930+0000] {processor.py:914} INFO - Processing file /opt/airflow/dags/pipeline.py for tasks to queue
[2026-05-24T17:05:13.933+0000] {logging_mixin.py:190} INFO - [2026-05-24T17:05:13.933+0000] {dagbag.py:588} INFO - Filling up the DagBag from /opt/airflow/dags/pipeline.py
[2026-05-24T17:05:13.953+0000] {processor.py:925} INFO - DAG(s) 'lastfm_pipeline' retrieved from /opt/airflow/dags/pipeline.py
[2026-05-24T17:05:13.990+0000] {logging_mixin.py:190} INFO - [2026-05-24T17:05:13.989+0000] {dag.py:3239} INFO - Sync 1 DAGs
[2026-05-24T17:05:14.023+0000] {logging_mixin.py:190} INFO - [2026-05-24T17:05:14.023+0000] {dag.py:4180} INFO - Setting next_dagrun for lastfm_pipeline to 2026-05-23 00:00:00+00:00, run_after=2026-05-24 00:00:00+00:00
[2026-05-24T17:05:14.051+0000] {processor.py:208} INFO - Processing /opt/airflow/dags/pipeline.py took 0.131 seconds
[2026-05-24T17:05:44.157+0000] {processor.py:186} INFO - Started process (PID=340) to work on /opt/airflow/dags/pipeline.py
[2026-05-24T17:05:44.158+0000] {processor.py:914} INFO - Processing file /opt/airflow/dags/pipeline.py for tasks to queue
[2026-05-24T17:05:44.161+0000] {logging_mixin.py:190} INFO - [2026-05-24T17:05:44.161+0000] {dagbag.py:588} INFO - Filling up the DagBag from /opt/airflow/dags/pipeline.py
[2026-05-24T17:05:44.183+0000] {processor.py:925} INFO - DAG(s) 'lastfm_pipeline' retrieved from /opt/airflow/dags/pipeline.py
[2026-05-24T17:05:44.229+0000] {logging_mixin.py:190} INFO - [2026-05-24T17:05:44.229+0000] {dag.py:3239} INFO - Sync 1 DAGs
[2026-05-24T17:05:44.262+0000] {logging_mixin.py:190} INFO - [2026-05-24T17:05:44.261+0000] {dag.py:4180} INFO - Setting next_dagrun for lastfm_pipeline to 2026-05-23 00:00:00+00:00, run_after=2026-05-24 00:00:00+00:00
[2026-05-24T17:05:44.286+0000] {processor.py:208} INFO - Processing /opt/airflow/dags/pipeline.py took 0.140 seconds
[2026-05-24T17:06:14.492+0000] {processor.py:186} INFO - Started process (PID=345) to work on /opt/airflow/dags/pipeline.py
[2026-05-24T17:06:14.494+0000] {processor.py:914} INFO - Processing file /opt/airflow/dags/pipeline.py for tasks to queue
[2026-05-24T17:06:14.499+0000] {logging_mixin.py:190} INFO - [2026-05-24T17:06:14.498+0000] {dagbag.py:588} INFO - Filling up the DagBag from /opt/airflow/dags/pipeline.py
[2026-05-24T17:06:14.522+0000] {processor.py:925} INFO - DAG(s) 'lastfm_pipeline' retrieved from /opt/airflow/dags/pipeline.py
[2026-05-24T17:06:14.566+0000] {logging_mixin.py:190} INFO - [2026-05-24T17:06:14.565+0000] {dag.py:3239} INFO - Sync 1 DAGs
[2026-05-24T17:06:14.603+0000] {logging_mixin.py:190} INFO - [2026-05-24T17:06:14.603+0000] {dag.py:4180} INFO - Setting next_dagrun for lastfm_pipeline to 2026-05-23 00:00:00+00:00, run_after=2026-05-24 00:00:00+00:00
[2026-05-24T17:06:14.629+0000] {processor.py:208} INFO - Processing /opt/airflow/dags/pipeline.py took 0.145 seconds
[2026-05-24T17:06:44.733+0000] {processor.py:186} INFO - Started process (PID=350) to work on /opt/airflow/dags/pipeline.py
[2026-05-24T17:06:44.735+0000] {processor.py:914} INFO - Processing file /opt/airflow/dags/pipeline.py for tasks to queue
[2026-05-24T17:06:44.739+0000] {logging_mixin.py:190} INFO - [2026-05-24T17:06:44.738+0000] {dagbag.py:588} INFO - Filling up the DagBag from /opt/airflow/dags/pipeline.py
[2026-05-24T17:06:44.761+0000] {processor.py:925} INFO - DAG(s) 'lastfm_pipeline' retrieved from /opt/airflow/dags/pipeline.py
[2026-05-24T17:06:44.802+0000] {logging_mixin.py:190} INFO - [2026-05-24T17:06:44.802+0000] {dag.py:3239} INFO - Sync 1 DAGs
[2026-05-24T17:06:44.834+0000] {logging_mixin.py:190} INFO - [2026-05-24T17:06:44.834+0000] {dag.py:4180} INFO - Setting next_dagrun for lastfm_pipeline to 2026-05-23 00:00:00+00:00, run_after=2026-05-24 00:00:00+00:00
[2026-05-24T17:06:44.861+0000] {processor.py:208} INFO - Processing /opt/airflow/dags/pipeline.py took 0.136 seconds
[2026-05-24T17:07:15.067+0000] {processor.py:186} INFO - Started process (PID=355) to work on /opt/airflow/dags/pipeline.py
[2026-05-24T17:07:15.070+0000] {processor.py:914} INFO - Processing file /opt/airflow/dags/pipeline.py for tasks to queue
[2026-05-24T17:07:15.074+0000] {logging_mixin.py:190} INFO - [2026-05-24T17:07:15.074+0000] {dagbag.py:588} INFO - Filling up the DagBag from /opt/airflow/dags/pipeline.py
[2026-05-24T17:07:15.097+0000] {processor.py:925} INFO - DAG(s) 'lastfm_pipeline' retrieved from /opt/airflow/dags/pipeline.py
[2026-05-24T17:07:15.137+0000] {logging_mixin.py:190} INFO - [2026-05-24T17:07:15.136+0000] {dag.py:3239} INFO - Sync 1 DAGs
[2026-05-24T17:07:15.168+0000] {logging_mixin.py:190} INFO - [2026-05-24T17:07:15.168+0000] {dag.py:4180} INFO - Setting next_dagrun for lastfm_pipeline to 2026-05-23 00:00:00+00:00, run_after=2026-05-24 00:00:00+00:00
[2026-05-24T17:07:15.193+0000] {processor.py:208} INFO - Processing /opt/airflow/dags/pipeline.py took 0.135 seconds
[2026-05-24T17:07:45.303+0000] {processor.py:186} INFO - Started process (PID=360) to work on /opt/airflow/dags/pipeline.py
[2026-05-24T17:07:45.304+0000] {processor.py:914} INFO - Processing file /opt/airflow/dags/pipeline.py for tasks to queue
[2026-05-24T17:07:45.307+0000] {logging_mixin.py:190} INFO - [2026-05-24T17:07:45.307+0000] {dagbag.py:588} INFO - Filling up the DagBag from /opt/airflow/dags/pipeline.py
[2026-05-24T17:07:45.330+0000] {processor.py:925} INFO - DAG(s) 'lastfm_pipeline' retrieved from /opt/airflow/dags/pipeline.py
[2026-05-24T17:07:45.376+0000] {logging_mixin.py:190} INFO - [2026-05-24T17:07:45.376+0000] {dag.py:3239} INFO - Sync 1 DAGs
[2026-05-24T17:07:45.409+0000] {logging_mixin.py:190} INFO - [2026-05-24T17:07:45.409+0000] {dag.py:4180} INFO - Setting next_dagrun for lastfm_pipeline to 2026-05-23 00:00:00+00:00, run_after=2026-05-24 00:00:00+00:00
[2026-05-24T17:07:45.436+0000] {processor.py:208} INFO - Processing /opt/airflow/dags/pipeline.py took 0.144 seconds
[2026-05-24T17:08:15.634+0000] {processor.py:186} INFO - Started process (PID=365) to work on /opt/airflow/dags/pipeline.py
[2026-05-24T17:08:15.637+0000] {processor.py:914} INFO - Processing file /opt/airflow/dags/pipeline.py for tasks to queue
[2026-05-24T17:08:15.641+0000] {logging_mixin.py:190} INFO - [2026-05-24T17:08:15.640+0000] {dagbag.py:588} INFO - Filling up the DagBag from /opt/airflow/dags/pipeline.py
[2026-05-24T17:08:15.661+0000] {processor.py:925} INFO - DAG(s) 'lastfm_pipeline' retrieved from /opt/airflow/dags/pipeline.py
[2026-05-24T17:08:15.699+0000] {logging_mixin.py:190} INFO - [2026-05-24T17:08:15.699+0000] {dag.py:3239} INFO - Sync 1 DAGs
[2026-05-24T17:08:15.733+0000] {logging_mixin.py:190} INFO - [2026-05-24T17:08:15.732+0000] {dag.py:4180} INFO - Setting next_dagrun for lastfm_pipeline to 2026-05-23 00:00:00+00:00, run_after=2026-05-24 00:00:00+00:00
[2026-05-24T17:08:15.759+0000] {processor.py:208} INFO - Processing /opt/airflow/dags/pipeline.py took 0.133 seconds
[2026-05-24T17:08:45.873+0000] {processor.py:186} INFO - Started process (PID=370) to work on /opt/airflow/dags/pipeline.py
[2026-05-24T17:08:45.876+0000] {processor.py:914} INFO - Processing file /opt/airflow/dags/pipeline.py for tasks to queue
[2026-05-24T17:08:45.878+0000] {logging_mixin.py:190} INFO - [2026-05-24T17:08:45.878+0000] {dagbag.py:588} INFO - Filling up the DagBag from /opt/airflow/dags/pipeline.py
[2026-05-24T17:08:45.899+0000] {processor.py:925} INFO - DAG(s) 'lastfm_pipeline' retrieved from /opt/airflow/dags/pipeline.py
[2026-05-24T17:08:45.938+0000] {logging_mixin.py:190} INFO - [2026-05-24T17:08:45.938+0000] {dag.py:3239} INFO - Sync 1 DAGs
[2026-05-24T17:08:45.971+0000] {logging_mixin.py:190} INFO - [2026-05-24T17:08:45.971+0000] {dag.py:4180} INFO - Setting next_dagrun for lastfm_pipeline to 2026-05-23 00:00:00+00:00, run_after=2026-05-24 00:00:00+00:00
[2026-05-24T17:08:45.998+0000] {processor.py:208} INFO - Processing /opt/airflow/dags/pipeline.py took 0.132 seconds
[2026-05-24T17:09:16.213+0000] {processor.py:186} INFO - Started process (PID=375) to work on /opt/airflow/dags/pipeline.py
[2026-05-24T17:09:16.214+0000] {processor.py:914} INFO - Processing file /opt/airflow/dags/pipeline.py for tasks to queue
[2026-05-24T17:09:16.218+0000] {logging_mixin.py:190} INFO - [2026-05-24T17:09:16.217+0000] {dagbag.py:588} INFO - Filling up the DagBag from /opt/airflow/dags/pipeline.py
[2026-05-24T17:09:16.242+0000] {processor.py:925} INFO - DAG(s) 'lastfm_pipeline' retrieved from /opt/airflow/dags/pipeline.py
[2026-05-24T17:09:16.285+0000] {logging_mixin.py:190} INFO - [2026-05-24T17:09:16.285+0000] {dag.py:3239} INFO - Sync 1 DAGs
[2026-05-24T17:09:16.321+0000] {logging_mixin.py:190} INFO - [2026-05-24T17:09:16.321+0000] {dag.py:4180} INFO - Setting next_dagrun for lastfm_pipeline to 2026-05-23 00:00:00+00:00, run_after=2026-05-24 00:00:00+00:00
[2026-05-24T17:09:16.350+0000] {processor.py:208} INFO - Processing /opt/airflow/dags/pipeline.py took 0.146 seconds
[2026-05-24T17:09:46.444+0000] {processor.py:186} INFO - Started process (PID=380) to work on /opt/airflow/dags/pipeline.py
[2026-05-24T17:09:46.446+0000] {processor.py:914} INFO - Processing file /opt/airflow/dags/pipeline.py for tasks to queue
[2026-05-24T17:09:46.450+0000] {logging_mixin.py:190} INFO - [2026-05-24T17:09:46.450+0000] {dagbag.py:588} INFO - Filling up the DagBag from /opt/airflow/dags/pipeline.py
[2026-05-24T17:09:46.475+0000] {processor.py:925} INFO - DAG(s) 'lastfm_pipeline' retrieved from /opt/airflow/dags/pipeline.py
[2026-05-24T17:09:46.519+0000] {logging_mixin.py:190} INFO - [2026-05-24T17:09:46.519+0000] {dag.py:3239} INFO - Sync 1 DAGs
[2026-05-24T17:09:46.556+0000] {logging_mixin.py:190} INFO - [2026-05-24T17:09:46.556+0000] {dag.py:4180} INFO - Setting next_dagrun for lastfm_pipeline to 2026-05-23 00:00:00+00:00, run_after=2026-05-24 00:00:00+00:00
[2026-05-24T17:09:46.583+0000] {processor.py:208} INFO - Processing /opt/airflow/dags/pipeline.py took 0.149 seconds
[2026-05-24T17:10:16.833+0000] {processor.py:186} INFO - Started process (PID=385) to work on /opt/airflow/dags/pipeline.py
[2026-05-24T17:10:16.835+0000] {processor.py:914} INFO - Processing file /opt/airflow/dags/pipeline.py for tasks to queue
[2026-05-24T17:10:16.849+0000] {logging_mixin.py:190} INFO - [2026-05-24T17:10:16.847+0000] {dagbag.py:588} INFO - Filling up the DagBag from /opt/airflow/dags/pipeline.py
[2026-05-24T17:10:16.932+0000] {processor.py:925} INFO - DAG(s) 'lastfm_pipeline' retrieved from /opt/airflow/dags/pipeline.py
[2026-05-24T17:10:17.040+0000] {logging_mixin.py:190} INFO - [2026-05-24T17:10:17.040+0000] {dag.py:3239} INFO - Sync 1 DAGs
[2026-05-24T17:10:17.097+0000] {logging_mixin.py:190} INFO - [2026-05-24T17:10:17.097+0000] {dag.py:4180} INFO - Setting next_dagrun for lastfm_pipeline to 2026-05-23 00:00:00+00:00, run_after=2026-05-24 00:00:00+00:00
[2026-05-24T17:10:17.125+0000] {processor.py:208} INFO - Processing /opt/airflow/dags/pipeline.py took 0.323 seconds
[2026-05-24T17:10:47.302+0000] {processor.py:186} INFO - Started process (PID=390) to work on /opt/airflow/dags/pipeline.py
[2026-05-24T17:10:47.303+0000] {processor.py:914} INFO - Processing file /opt/airflow/dags/pipeline.py for tasks to queue
[2026-05-24T17:10:47.305+0000] {logging_mixin.py:190} INFO - [2026-05-24T17:10:47.305+0000] {dagbag.py:588} INFO - Filling up the DagBag from /opt/airflow/dags/pipeline.py
[2026-05-24T17:10:47.320+0000] {processor.py:925} INFO - DAG(s) 'lastfm_pipeline' retrieved from /opt/airflow/dags/pipeline.py
[2026-05-24T17:10:47.349+0000] {logging_mixin.py:190} INFO - [2026-05-24T17:10:47.348+0000] {dag.py:3239} INFO - Sync 1 DAGs
[2026-05-24T17:10:47.369+0000] {logging_mixin.py:190} INFO - [2026-05-24T17:10:47.369+0000] {dag.py:4180} INFO - Setting next_dagrun for lastfm_pipeline to 2026-05-23 00:00:00+00:00, run_after=2026-05-24 00:00:00+00:00
[2026-05-24T17:10:47.382+0000] {processor.py:208} INFO - Processing /opt/airflow/dags/pipeline.py took 0.087 seconds
[2026-05-24T17:11:17.460+0000] {processor.py:186} INFO - Started process (PID=395) to work on /opt/airflow/dags/pipeline.py
[2026-05-24T17:11:17.461+0000] {processor.py:914} INFO - Processing file /opt/airflow/dags/pipeline.py for tasks to queue
[2026-05-24T17:11:17.463+0000] {logging_mixin.py:190} INFO - [2026-05-24T17:11:17.463+0000] {dagbag.py:588} INFO - Filling up the DagBag from /opt/airflow/dags/pipeline.py
[2026-05-24T17:11:17.477+0000] {processor.py:925} INFO - DAG(s) 'lastfm_pipeline' retrieved from /opt/airflow/dags/pipeline.py
[2026-05-24T17:11:17.504+0000] {logging_mixin.py:190} INFO - [2026-05-24T17:11:17.503+0000] {dag.py:3239} INFO - Sync 1 DAGs
[2026-05-24T17:11:17.524+0000] {logging_mixin.py:190} INFO - [2026-05-24T17:11:17.524+0000] {dag.py:4180} INFO - Setting next_dagrun for lastfm_pipeline to 2026-05-23 00:00:00+00:00, run_after=2026-05-24 00:00:00+00:00
[2026-05-24T17:11:17.539+0000] {processor.py:208} INFO - Processing /opt/airflow/dags/pipeline.py took 0.085 seconds
[2026-05-24T17:11:47.697+0000] {processor.py:186} INFO - Started process (PID=400) to work on /opt/airflow/dags/pipeline.py
[2026-05-24T17:11:47.697+0000] {processor.py:914} INFO - Processing file /opt/airflow/dags/pipeline.py for tasks to queue
[2026-05-24T17:11:47.699+0000] {logging_mixin.py:190} INFO - [2026-05-24T17:11:47.699+0000] {dagbag.py:588} INFO - Filling up the DagBag from /opt/airflow/dags/pipeline.py
[2026-05-24T17:11:47.713+0000] {processor.py:925} INFO - DAG(s) 'lastfm_pipeline' retrieved from /opt/airflow/dags/pipeline.py
[2026-05-24T17:11:47.739+0000] {logging_mixin.py:190} INFO - [2026-05-24T17:11:47.739+0000] {dag.py:3239} INFO - Sync 1 DAGs
[2026-05-24T17:11:47.758+0000] {logging_mixin.py:190} INFO - [2026-05-24T17:11:47.758+0000] {dag.py:4180} INFO - Setting next_dagrun for lastfm_pipeline to 2026-05-23 00:00:00+00:00, run_after=2026-05-24 00:00:00+00:00
[2026-05-24T17:11:47.771+0000] {processor.py:208} INFO - Processing /opt/airflow/dags/pipeline.py took 0.080 seconds
[2026-05-24T17:12:17.860+0000] {processor.py:186} INFO - Started process (PID=405) to work on /opt/airflow/dags/pipeline.py
[2026-05-24T17:12:17.861+0000] {processor.py:914} INFO - Processing file /opt/airflow/dags/pipeline.py for tasks to queue
[2026-05-24T17:12:17.863+0000] {logging_mixin.py:190} INFO - [2026-05-24T17:12:17.862+0000] {dagbag.py:588} INFO - Filling up the DagBag from /opt/airflow/dags/pipeline.py
[2026-05-24T17:12:17.874+0000] {processor.py:925} INFO - DAG(s) 'lastfm_pipeline' retrieved from /opt/airflow/dags/pipeline.py
[2026-05-24T17:12:17.898+0000] {logging_mixin.py:190} INFO - [2026-05-24T17:12:17.898+0000] {dag.py:3239} INFO - Sync 1 DAGs
[2026-05-24T17:12:17.914+0000] {logging_mixin.py:190} INFO - [2026-05-24T17:12:17.914+0000] {dag.py:4180} INFO - Setting next_dagrun for lastfm_pipeline to 2026-05-23 00:00:00+00:00, run_after=2026-05-24 00:00:00+00:00
[2026-05-24T17:12:17.928+0000] {processor.py:208} INFO - Processing /opt/airflow/dags/pipeline.py took 0.073 seconds
[2026-05-24T17:12:48.089+0000] {processor.py:186} INFO - Started process (PID=410) to work on /opt/airflow/dags/pipeline.py
[2026-05-24T17:12:48.089+0000] {processor.py:914} INFO - Processing file /opt/airflow/dags/pipeline.py for tasks to queue
[2026-05-24T17:12:48.091+0000] {logging_mixin.py:190} INFO - [2026-05-24T17:12:48.091+0000] {dagbag.py:588} INFO - Filling up the DagBag from /opt/airflow/dags/pipeline.py
[2026-05-24T17:12:48.107+0000] {processor.py:925} INFO - DAG(s) 'lastfm_pipeline' retrieved from /opt/airflow/dags/pipeline.py
[2026-05-24T17:12:48.134+0000] {logging_mixin.py:190} INFO - [2026-05-24T17:12:48.134+0000] {dag.py:3239} INFO - Sync 1 DAGs
[2026-05-24T17:12:48.155+0000] {logging_mixin.py:190} INFO - [2026-05-24T17:12:48.155+0000] {dag.py:4180} INFO - Setting next_dagrun for lastfm_pipeline to 2026-05-23 00:00:00+00:00, run_after=2026-05-24 00:00:00+00:00
[2026-05-24T17:12:48.173+0000] {processor.py:208} INFO - Processing /opt/airflow/dags/pipeline.py took 0.091 seconds
[2026-05-24T17:13:18.265+0000] {processor.py:186} INFO - Started process (PID=415) to work on /opt/airflow/dags/pipeline.py
[2026-05-24T17:13:18.268+0000] {processor.py:914} INFO - Processing file /opt/airflow/dags/pipeline.py for tasks to queue
[2026-05-24T17:13:18.270+0000] {logging_mixin.py:190} INFO - [2026-05-24T17:13:18.270+0000] {dagbag.py:588} INFO - Filling up the DagBag from /opt/airflow/dags/pipeline.py
[2026-05-24T17:13:18.288+0000] {processor.py:925} INFO - DAG(s) 'lastfm_pipeline' retrieved from /opt/airflow/dags/pipeline.py
[2026-05-24T17:13:18.320+0000] {logging_mixin.py:190} INFO - [2026-05-24T17:13:18.319+0000] {dag.py:3239} INFO - Sync 1 DAGs
[2026-05-24T17:13:18.344+0000] {logging_mixin.py:190} INFO - [2026-05-24T17:13:18.343+0000] {dag.py:4180} INFO - Setting next_dagrun for lastfm_pipeline to 2026-05-23 00:00:00+00:00, run_after=2026-05-24 00:00:00+00:00
[2026-05-24T17:13:18.383+0000] {processor.py:208} INFO - Processing /opt/airflow/dags/pipeline.py took 0.125 seconds
[2026-05-24T17:13:48.486+0000] {processor.py:186} INFO - Started process (PID=420) to work on /opt/airflow/dags/pipeline.py
[2026-05-24T17:13:48.486+0000] {processor.py:914} INFO - Processing file /opt/airflow/dags/pipeline.py for tasks to queue
[2026-05-24T17:13:48.488+0000] {logging_mixin.py:190} INFO - [2026-05-24T17:13:48.488+0000] {dagbag.py:588} INFO - Filling up the DagBag from /opt/airflow/dags/pipeline.py
[2026-05-24T17:13:48.503+0000] {processor.py:925} INFO - DAG(s) 'lastfm_pipeline' retrieved from /opt/airflow/dags/pipeline.py
[2026-05-24T17:13:48.529+0000] {logging_mixin.py:190} INFO - [2026-05-24T17:13:48.529+0000] {dag.py:3239} INFO - Sync 1 DAGs
[2026-05-24T17:13:48.550+0000] {logging_mixin.py:190} INFO - [2026-05-24T17:13:48.550+0000] {dag.py:4180} INFO - Setting next_dagrun for lastfm_pipeline to 2026-05-23 00:00:00+00:00, run_after=2026-05-24 00:00:00+00:00
[2026-05-24T17:13:48.565+0000] {processor.py:208} INFO - Processing /opt/airflow/dags/pipeline.py took 0.085 seconds
[2026-05-24T17:14:18.710+0000] {processor.py:186} INFO - Started process (PID=425) to work on /opt/airflow/dags/pipeline.py
[2026-05-24T17:14:18.711+0000] {processor.py:914} INFO - Processing file /opt/airflow/dags/pipeline.py for tasks to queue
[2026-05-24T17:14:18.714+0000] {logging_mixin.py:190} INFO - [2026-05-24T17:14:18.713+0000] {dagbag.py:588} INFO - Filling up the DagBag from /opt/airflow/dags/pipeline.py
[2026-05-24T17:14:18.729+0000] {processor.py:925} INFO - DAG(s) 'lastfm_pipeline' retrieved from /opt/airflow/dags/pipeline.py
[2026-05-24T17:14:18.759+0000] {logging_mixin.py:190} INFO - [2026-05-24T17:14:18.758+0000] {dag.py:3239} INFO - Sync 1 DAGs
[2026-05-24T17:14:18.780+0000] {logging_mixin.py:190} INFO - [2026-05-24T17:14:18.780+0000] {dag.py:4180} INFO - Setting next_dagrun for lastfm_pipeline to 2026-05-23 00:00:00+00:00, run_after=2026-05-24 00:00:00+00:00
[2026-05-24T17:14:18.795+0000] {processor.py:208} INFO - Processing /opt/airflow/dags/pipeline.py took 0.091 seconds
[2026-05-24T17:14:48.872+0000] {processor.py:186} INFO - Started process (PID=430) to work on /opt/airflow/dags/pipeline.py
[2026-05-24T17:14:48.873+0000] {processor.py:914} INFO - Processing file /opt/airflow/dags/pipeline.py for tasks to queue
[2026-05-24T17:14:48.876+0000] {logging_mixin.py:190} INFO - [2026-05-24T17:14:48.876+0000] {dagbag.py:588} INFO - Filling up the DagBag from /opt/airflow/dags/pipeline.py
[2026-05-24T17:14:48.890+0000] {processor.py:925} INFO - DAG(s) 'lastfm_pipeline' retrieved from /opt/airflow/dags/pipeline.py
[2026-05-24T17:14:48.919+0000] {logging_mixin.py:190} INFO - [2026-05-24T17:14:48.919+0000] {dag.py:3239} INFO - Sync 1 DAGs
[2026-05-24T17:14:48.942+0000] {logging_mixin.py:190} INFO - [2026-05-24T17:14:48.942+0000] {dag.py:4180} INFO - Setting next_dagrun for lastfm_pipeline to 2026-05-23 00:00:00+00:00, run_after=2026-05-24 00:00:00+00:00
[2026-05-24T17:14:48.959+0000] {processor.py:208} INFO - Processing /opt/airflow/dags/pipeline.py took 0.092 seconds
[2026-05-24T17:15:19.112+0000] {processor.py:186} INFO - Started process (PID=435) to work on /opt/airflow/dags/pipeline.py
[2026-05-24T17:15:19.114+0000] {processor.py:914} INFO - Processing file /opt/airflow/dags/pipeline.py for tasks to queue
[2026-05-24T17:15:19.117+0000] {logging_mixin.py:190} INFO - [2026-05-24T17:15:19.116+0000] {dagbag.py:588} INFO - Filling up the DagBag from /opt/airflow/dags/pipeline.py
[2026-05-24T17:15:19.131+0000] {processor.py:925} INFO - DAG(s) 'lastfm_pipeline' retrieved from /opt/airflow/dags/pipeline.py
[2026-05-24T17:15:19.158+0000] {logging_mixin.py:190} INFO - [2026-05-24T17:15:19.158+0000] {dag.py:3239} INFO - Sync 1 DAGs
[2026-05-24T17:15:19.181+0000] {logging_mixin.py:190} INFO - [2026-05-24T17:15:19.180+0000] {dag.py:4180} INFO - Setting next_dagrun for lastfm_pipeline to 2026-05-23 00:00:00+00:00, run_after=2026-05-24 00:00:00+00:00
[2026-05-24T17:15:19.194+0000] {processor.py:208} INFO - Processing /opt/airflow/dags/pipeline.py took 0.090 seconds
[2026-05-24T17:15:49.278+0000] {processor.py:186} INFO - Started process (PID=440) to work on /opt/airflow/dags/pipeline.py
[2026-05-24T17:15:49.278+0000] {processor.py:914} INFO - Processing file /opt/airflow/dags/pipeline.py for tasks to queue
[2026-05-24T17:15:49.282+0000] {logging_mixin.py:190} INFO - [2026-05-24T17:15:49.281+0000] {dagbag.py:588} INFO - Filling up the DagBag from /opt/airflow/dags/pipeline.py
[2026-05-24T17:15:49.297+0000] {processor.py:925} INFO - DAG(s) 'lastfm_pipeline' retrieved from /opt/airflow/dags/pipeline.py
[2026-05-24T17:15:49.326+0000] {logging_mixin.py:190} INFO - [2026-05-24T17:15:49.326+0000] {dag.py:3239} INFO - Sync 1 DAGs
[2026-05-24T17:15:49.346+0000] {logging_mixin.py:190} INFO - [2026-05-24T17:15:49.345+0000] {dag.py:4180} INFO - Setting next_dagrun for lastfm_pipeline to 2026-05-23 00:00:00+00:00, run_after=2026-05-24 00:00:00+00:00
[2026-05-24T17:15:49.363+0000] {processor.py:208} INFO - Processing /opt/airflow/dags/pipeline.py took 0.090 seconds
[2026-05-24T17:16:19.509+0000] {processor.py:186} INFO - Started process (PID=445) to work on /opt/airflow/dags/pipeline.py
[2026-05-24T17:16:19.510+0000] {processor.py:914} INFO - Processing file /opt/airflow/dags/pipeline.py for tasks to queue
[2026-05-24T17:16:19.512+0000] {logging_mixin.py:190} INFO - [2026-05-24T17:16:19.512+0000] {dagbag.py:588} INFO - Filling up the DagBag from /opt/airflow/dags/pipeline.py
[2026-05-24T17:16:19.530+0000] {processor.py:925} INFO - DAG(s) 'lastfm_pipeline' retrieved from /opt/airflow/dags/pipeline.py
[2026-05-24T17:16:19.556+0000] {logging_mixin.py:190} INFO - [2026-05-24T17:16:19.556+0000] {dag.py:3239} INFO - Sync 1 DAGs
[2026-05-24T17:16:19.579+0000] {logging_mixin.py:190} INFO - [2026-05-24T17:16:19.578+0000] {dag.py:4180} INFO - Setting next_dagrun for lastfm_pipeline to 2026-05-23 00:00:00+00:00, run_after=2026-05-24 00:00:00+00:00
[2026-05-24T17:16:19.598+0000] {processor.py:208} INFO - Processing /opt/airflow/dags/pipeline.py took 0.095 seconds
[2026-05-24T17:16:49.688+0000] {processor.py:186} INFO - Started process (PID=450) to work on /opt/airflow/dags/pipeline.py
[2026-05-24T17:16:49.689+0000] {processor.py:914} INFO - Processing file /opt/airflow/dags/pipeline.py for tasks to queue
[2026-05-24T17:16:49.691+0000] {logging_mixin.py:190} INFO - [2026-05-24T17:16:49.690+0000] {dagbag.py:588} INFO - Filling up the DagBag from /opt/airflow/dags/pipeline.py
[2026-05-24T17:16:49.705+0000] {processor.py:925} INFO - DAG(s) 'lastfm_pipeline' retrieved from /opt/airflow/dags/pipeline.py
[2026-05-24T17:16:49.733+0000] {logging_mixin.py:190} INFO - [2026-05-24T17:16:49.732+0000] {dag.py:3239} INFO - Sync 1 DAGs
[2026-05-24T17:16:49.753+0000] {logging_mixin.py:190} INFO - [2026-05-24T17:16:49.753+0000] {dag.py:4180} INFO - Setting next_dagrun for lastfm_pipeline to 2026-05-23 00:00:00+00:00, run_after=2026-05-24 00:00:00+00:00
[2026-05-24T17:16:49.768+0000] {processor.py:208} INFO - Processing /opt/airflow/dags/pipeline.py took 0.085 seconds
[2026-05-24T17:17:19.926+0000] {processor.py:186} INFO - Started process (PID=455) to work on /opt/airflow/dags/pipeline.py
[2026-05-24T17:17:19.928+0000] {processor.py:914} INFO - Processing file /opt/airflow/dags/pipeline.py for tasks to queue
[2026-05-24T17:17:19.930+0000] {logging_mixin.py:190} INFO - [2026-05-24T17:17:19.930+0000] {dagbag.py:588} INFO - Filling up the DagBag from /opt/airflow/dags/pipeline.py
[2026-05-24T17:17:19.946+0000] {processor.py:925} INFO - DAG(s) 'lastfm_pipeline' retrieved from /opt/airflow/dags/pipeline.py
[2026-05-24T17:17:19.969+0000] {logging_mixin.py:190} INFO - [2026-05-24T17:17:19.969+0000] {dag.py:3239} INFO - Sync 1 DAGs
[2026-05-24T17:17:19.989+0000] {logging_mixin.py:190} INFO - [2026-05-24T17:17:19.989+0000] {dag.py:4180} INFO - Setting next_dagrun for lastfm_pipeline to 2026-05-23 00:00:00+00:00, run_after=2026-05-24 00:00:00+00:00
[2026-05-24T17:17:20.003+0000] {processor.py:208} INFO - Processing /opt/airflow/dags/pipeline.py took 0.083 seconds
[2026-05-24T17:17:50.083+0000] {processor.py:186} INFO - Started process (PID=460) to work on /opt/airflow/dags/pipeline.py
[2026-05-24T17:17:50.084+0000] {processor.py:914} INFO - Processing file /opt/airflow/dags/pipeline.py for tasks to queue
[2026-05-24T17:17:50.086+0000] {logging_mixin.py:190} INFO - [2026-05-24T17:17:50.085+0000] {dagbag.py:588} INFO - Filling up the DagBag from /opt/airflow/dags/pipeline.py
[2026-05-24T17:17:50.099+0000] {processor.py:925} INFO - DAG(s) 'lastfm_pipeline' retrieved from /opt/airflow/dags/pipeline.py
[2026-05-24T17:17:50.127+0000] {logging_mixin.py:190} INFO - [2026-05-24T17:17:50.126+0000] {dag.py:3239} INFO - Sync 1 DAGs
[2026-05-24T17:17:50.146+0000] {logging_mixin.py:190} INFO - [2026-05-24T17:17:50.146+0000] {dag.py:4180} INFO - Setting next_dagrun for lastfm_pipeline to 2026-05-23 00:00:00+00:00, run_after=2026-05-24 00:00:00+00:00
[2026-05-24T17:17:50.160+0000] {processor.py:208} INFO - Processing /opt/airflow/dags/pipeline.py took 0.083 seconds
[2026-05-24T17:18:20.320+0000] {processor.py:186} INFO - Started process (PID=465) to work on /opt/airflow/dags/pipeline.py
[2026-05-24T17:18:20.323+0000] {processor.py:914} INFO - Processing file /opt/airflow/dags/pipeline.py for tasks to queue
[2026-05-24T17:18:20.325+0000] {logging_mixin.py:190} INFO - [2026-05-24T17:18:20.325+0000] {dagbag.py:588} INFO - Filling up the DagBag from /opt/airflow/dags/pipeline.py
[2026-05-24T17:18:20.339+0000] {processor.py:925} INFO - DAG(s) 'lastfm_pipeline' retrieved from /opt/airflow/dags/pipeline.py
[2026-05-24T17:18:20.363+0000] {logging_mixin.py:190} INFO - [2026-05-24T17:18:20.363+0000] {dag.py:3239} INFO - Sync 1 DAGs
[2026-05-24T17:18:20.382+0000] {logging_mixin.py:190} INFO - [2026-05-24T17:18:20.382+0000] {dag.py:4180} INFO - Setting next_dagrun for lastfm_pipeline to 2026-05-23 00:00:00+00:00, run_after=2026-05-24 00:00:00+00:00
[2026-05-24T17:18:20.396+0000] {processor.py:208} INFO - Processing /opt/airflow/dags/pipeline.py took 0.082 seconds
[2026-05-24T17:18:50.486+0000] {processor.py:186} INFO - Started process (PID=470) to work on /opt/airflow/dags/pipeline.py
[2026-05-24T17:18:50.487+0000] {processor.py:914} INFO - Processing file /opt/airflow/dags/pipeline.py for tasks to queue
[2026-05-24T17:18:50.489+0000] {logging_mixin.py:190} INFO - [2026-05-24T17:18:50.489+0000] {dagbag.py:588} INFO - Filling up the DagBag from /opt/airflow/dags/pipeline.py
[2026-05-24T17:18:50.503+0000] {processor.py:925} INFO - DAG(s) 'lastfm_pipeline' retrieved from /opt/airflow/dags/pipeline.py
[2026-05-24T17:18:50.529+0000] {logging_mixin.py:190} INFO - [2026-05-24T17:18:50.529+0000] {dag.py:3239} INFO - Sync 1 DAGs
[2026-05-24T17:18:50.548+0000] {logging_mixin.py:190} INFO - [2026-05-24T17:18:50.548+0000] {dag.py:4180} INFO - Setting next_dagrun for lastfm_pipeline to 2026-05-23 00:00:00+00:00, run_after=2026-05-24 00:00:00+00:00
[2026-05-24T17:18:50.561+0000] {processor.py:208} INFO - Processing /opt/airflow/dags/pipeline.py took 0.081 seconds
[2026-05-24T17:19:20.728+0000] {processor.py:186} INFO - Started process (PID=475) to work on /opt/airflow/dags/pipeline.py
[2026-05-24T17:19:20.731+0000] {processor.py:914} INFO - Processing file /opt/airflow/dags/pipeline.py for tasks to queue
[2026-05-24T17:19:20.734+0000] {logging_mixin.py:190} INFO - [2026-05-24T17:19:20.734+0000] {dagbag.py:588} INFO - Filling up the DagBag from /opt/airflow/dags/pipeline.py
[2026-05-24T17:19:20.747+0000] {processor.py:925} INFO - DAG(s) 'lastfm_pipeline' retrieved from /opt/airflow/dags/pipeline.py
[2026-05-24T17:19:20.773+0000] {logging_mixin.py:190} INFO - [2026-05-24T17:19:20.772+0000] {dag.py:3239} INFO - Sync 1 DAGs
[2026-05-24T17:19:20.793+0000] {logging_mixin.py:190} INFO - [2026-05-24T17:19:20.793+0000] {dag.py:4180} INFO - Setting next_dagrun for lastfm_pipeline to 2026-05-23 00:00:00+00:00, run_after=2026-05-24 00:00:00+00:00
[2026-05-24T17:19:20.807+0000] {processor.py:208} INFO - Processing /opt/airflow/dags/pipeline.py took 0.084 seconds
[2026-05-24T17:19:50.893+0000] {processor.py:186} INFO - Started process (PID=480) to work on /opt/airflow/dags/pipeline.py
[2026-05-24T17:19:50.894+0000] {processor.py:914} INFO - Processing file /opt/airflow/dags/pipeline.py for tasks to queue
[2026-05-24T17:19:50.895+0000] {logging_mixin.py:190} INFO - [2026-05-24T17:19:50.895+0000] {dagbag.py:588} INFO - Filling up the DagBag from /opt/airflow/dags/pipeline.py
[2026-05-24T17:19:50.909+0000] {processor.py:925} INFO - DAG(s) 'lastfm_pipeline' retrieved from /opt/airflow/dags/pipeline.py
[2026-05-24T17:19:50.935+0000] {logging_mixin.py:190} INFO - [2026-05-24T17:19:50.935+0000] {dag.py:3239} INFO - Sync 1 DAGs
[2026-05-24T17:19:50.962+0000] {logging_mixin.py:190} INFO - [2026-05-24T17:19:50.962+0000] {dag.py:4180} INFO - Setting next_dagrun for lastfm_pipeline to 2026-05-23 00:00:00+00:00, run_after=2026-05-24 00:00:00+00:00
[2026-05-24T17:19:50.986+0000] {processor.py:208} INFO - Processing /opt/airflow/dags/pipeline.py took 0.098 seconds
[2026-05-24T17:20:21.126+0000] {processor.py:186} INFO - Started process (PID=485) to work on /opt/airflow/dags/pipeline.py
[2026-05-24T17:20:21.129+0000] {processor.py:914} INFO - Processing file /opt/airflow/dags/pipeline.py for tasks to queue
[2026-05-24T17:20:21.131+0000] {logging_mixin.py:190} INFO - [2026-05-24T17:20:21.131+0000] {dagbag.py:588} INFO - Filling up the DagBag from /opt/airflow/dags/pipeline.py
[2026-05-24T17:20:21.146+0000] {processor.py:925} INFO - DAG(s) 'lastfm_pipeline' retrieved from /opt/airflow/dags/pipeline.py
[2026-05-24T17:20:21.171+0000] {logging_mixin.py:190} INFO - [2026-05-24T17:20:21.171+0000] {dag.py:3239} INFO - Sync 1 DAGs
[2026-05-24T17:20:21.190+0000] {logging_mixin.py:190} INFO - [2026-05-24T17:20:21.190+0000] {dag.py:4180} INFO - Setting next_dagrun for lastfm_pipeline to 2026-05-23 00:00:00+00:00, run_after=2026-05-24 00:00:00+00:00
[2026-05-24T17:20:21.206+0000] {processor.py:208} INFO - Processing /opt/airflow/dags/pipeline.py took 0.086 seconds
[2026-05-24T17:20:51.291+0000] {processor.py:186} INFO - Started process (PID=490) to work on /opt/airflow/dags/pipeline.py
[2026-05-24T17:20:51.291+0000] {processor.py:914} INFO - Processing file /opt/airflow/dags/pipeline.py for tasks to queue
[2026-05-24T17:20:51.294+0000] {logging_mixin.py:190} INFO - [2026-05-24T17:20:51.293+0000] {dagbag.py:588} INFO - Filling up the DagBag from /opt/airflow/dags/pipeline.py
[2026-05-24T17:20:51.306+0000] {processor.py:925} INFO - DAG(s) 'lastfm_pipeline' retrieved from /opt/airflow/dags/pipeline.py
[2026-05-24T17:20:51.330+0000] {logging_mixin.py:190} INFO - [2026-05-24T17:20:51.329+0000] {dag.py:3239} INFO - Sync 1 DAGs
[2026-05-24T17:20:51.348+0000] {logging_mixin.py:190} INFO - [2026-05-24T17:20:51.348+0000] {dag.py:4180} INFO - Setting next_dagrun for lastfm_pipeline to 2026-05-23 00:00:00+00:00, run_after=2026-05-24 00:00:00+00:00
[2026-05-24T17:20:51.361+0000] {processor.py:208} INFO - Processing /opt/airflow/dags/pipeline.py took 0.075 seconds
[2026-05-24T17:21:21.493+0000] {processor.py:186} INFO - Started process (PID=495) to work on /opt/airflow/dags/pipeline.py
[2026-05-24T17:21:21.494+0000] {processor.py:914} INFO - Processing file /opt/airflow/dags/pipeline.py for tasks to queue
[2026-05-24T17:21:21.496+0000] {logging_mixin.py:190} INFO - [2026-05-24T17:21:21.496+0000] {dagbag.py:588} INFO - Filling up the DagBag from /opt/airflow/dags/pipeline.py
[2026-05-24T17:21:21.510+0000] {processor.py:925} INFO - DAG(s) 'lastfm_pipeline' retrieved from /opt/airflow/dags/pipeline.py
[2026-05-24T17:21:21.533+0000] {logging_mixin.py:190} INFO - [2026-05-24T17:21:21.533+0000] {dag.py:3239} INFO - Sync 1 DAGs
[2026-05-24T17:21:21.553+0000] {logging_mixin.py:190} INFO - [2026-05-24T17:21:21.552+0000] {dag.py:4180} INFO - Setting next_dagrun for lastfm_pipeline to 2026-05-23 00:00:00+00:00, run_after=2026-05-24 00:00:00+00:00
[2026-05-24T17:21:21.566+0000] {processor.py:208} INFO - Processing /opt/airflow/dags/pipeline.py took 0.080 seconds
[2026-05-24T17:21:51.627+0000] {processor.py:186} INFO - Started process (PID=500) to work on /opt/airflow/dags/pipeline.py
[2026-05-24T17:21:51.628+0000] {processor.py:914} INFO - Processing file /opt/airflow/dags/pipeline.py for tasks to queue
[2026-05-24T17:21:51.629+0000] {logging_mixin.py:190} INFO - [2026-05-24T17:21:51.629+0000] {dagbag.py:588} INFO - Filling up the DagBag from /opt/airflow/dags/pipeline.py
[2026-05-24T17:21:51.644+0000] {processor.py:925} INFO - DAG(s) 'lastfm_pipeline' retrieved from /opt/airflow/dags/pipeline.py
[2026-05-24T17:21:51.673+0000] {logging_mixin.py:190} INFO - [2026-05-24T17:21:51.673+0000] {dag.py:3239} INFO - Sync 1 DAGs
[2026-05-24T17:21:51.696+0000] {logging_mixin.py:190} INFO - [2026-05-24T17:21:51.695+0000] {dag.py:4180} INFO - Setting next_dagrun for lastfm_pipeline to 2026-05-23 00:00:00+00:00, run_after=2026-05-24 00:00:00+00:00
[2026-05-24T17:21:51.719+0000] {processor.py:208} INFO - Processing /opt/airflow/dags/pipeline.py took 0.096 seconds
[2026-05-24T17:22:21.886+0000] {processor.py:186} INFO - Started process (PID=505) to work on /opt/airflow/dags/pipeline.py
[2026-05-24T17:22:21.888+0000] {processor.py:914} INFO - Processing file /opt/airflow/dags/pipeline.py for tasks to queue
[2026-05-24T17:22:21.902+0000] {logging_mixin.py:190} INFO - [2026-05-24T17:22:21.900+0000] {dagbag.py:588} INFO - Filling up the DagBag from /opt/airflow/dags/pipeline.py
[2026-05-24T17:22:21.982+0000] {processor.py:925} INFO - DAG(s) 'lastfm_pipeline' retrieved from /opt/airflow/dags/pipeline.py
[2026-05-24T17:22:22.020+0000] {logging_mixin.py:190} INFO - [2026-05-24T17:22:22.020+0000] {dag.py:3239} INFO - Sync 1 DAGs
[2026-05-24T17:22:22.051+0000] {logging_mixin.py:190} INFO - [2026-05-24T17:22:22.050+0000] {dag.py:4180} INFO - Setting next_dagrun for lastfm_pipeline to 2026-05-23 00:00:00+00:00, run_after=2026-05-24 00:00:00+00:00
[2026-05-24T17:22:22.067+0000] {processor.py:208} INFO - Processing /opt/airflow/dags/pipeline.py took 0.210 seconds
[2026-05-24T17:22:52.222+0000] {processor.py:186} INFO - Started process (PID=510) to work on /opt/airflow/dags/pipeline.py
[2026-05-24T17:22:52.223+0000] {processor.py:914} INFO - Processing file /opt/airflow/dags/pipeline.py for tasks to queue
[2026-05-24T17:22:52.225+0000] {logging_mixin.py:190} INFO - [2026-05-24T17:22:52.225+0000] {dagbag.py:588} INFO - Filling up the DagBag from /opt/airflow/dags/pipeline.py
[2026-05-24T17:22:52.239+0000] {processor.py:925} INFO - DAG(s) 'lastfm_pipeline' retrieved from /opt/airflow/dags/pipeline.py
[2026-05-24T17:22:52.265+0000] {logging_mixin.py:190} INFO - [2026-05-24T17:22:52.265+0000] {dag.py:3239} INFO - Sync 1 DAGs
[2026-05-24T17:22:52.287+0000] {logging_mixin.py:190} INFO - [2026-05-24T17:22:52.286+0000] {dag.py:4180} INFO - Setting next_dagrun for lastfm_pipeline to 2026-05-23 00:00:00+00:00, run_after=2026-05-24 00:00:00+00:00
[2026-05-24T17:22:52.302+0000] {processor.py:208} INFO - Processing /opt/airflow/dags/pipeline.py took 0.088 seconds
[2026-05-24T17:23:22.377+0000] {processor.py:186} INFO - Started process (PID=515) to work on /opt/airflow/dags/pipeline.py
[2026-05-24T17:23:22.380+0000] {processor.py:914} INFO - Processing file /opt/airflow/dags/pipeline.py for tasks to queue
[2026-05-24T17:23:22.383+0000] {logging_mixin.py:190} INFO - [2026-05-24T17:23:22.382+0000] {dagbag.py:588} INFO - Filling up the DagBag from /opt/airflow/dags/pipeline.py
[2026-05-24T17:23:22.397+0000] {processor.py:925} INFO - DAG(s) 'lastfm_pipeline' retrieved from /opt/airflow/dags/pipeline.py
[2026-05-24T17:23:22.425+0000] {logging_mixin.py:190} INFO - [2026-05-24T17:23:22.425+0000] {dag.py:3239} INFO - Sync 1 DAGs
[2026-05-24T17:23:22.444+0000] {logging_mixin.py:190} INFO - [2026-05-24T17:23:22.444+0000] {dag.py:4180} INFO - Setting next_dagrun for lastfm_pipeline to 2026-05-23 00:00:00+00:00, run_after=2026-05-24 00:00:00+00:00
[2026-05-24T17:23:22.458+0000] {processor.py:208} INFO - Processing /opt/airflow/dags/pipeline.py took 0.087 seconds
[2026-05-24T17:23:52.621+0000] {processor.py:186} INFO - Started process (PID=520) to work on /opt/airflow/dags/pipeline.py
[2026-05-24T17:23:52.621+0000] {processor.py:914} INFO - Processing file /opt/airflow/dags/pipeline.py for tasks to queue
[2026-05-24T17:23:52.624+0000] {logging_mixin.py:190} INFO - [2026-05-24T17:23:52.624+0000] {dagbag.py:588} INFO - Filling up the DagBag from /opt/airflow/dags/pipeline.py
[2026-05-24T17:23:52.638+0000] {processor.py:925} INFO - DAG(s) 'lastfm_pipeline' retrieved from /opt/airflow/dags/pipeline.py
[2026-05-24T17:23:52.665+0000] {logging_mixin.py:190} INFO - [2026-05-24T17:23:52.664+0000] {dag.py:3239} INFO - Sync 1 DAGs
[2026-05-24T17:23:52.687+0000] {logging_mixin.py:190} INFO - [2026-05-24T17:23:52.687+0000] {dag.py:4180} INFO - Setting next_dagrun for lastfm_pipeline to 2026-05-23 00:00:00+00:00, run_after=2026-05-24 00:00:00+00:00
[2026-05-24T17:23:52.701+0000] {processor.py:208} INFO - Processing /opt/airflow/dags/pipeline.py took 0.086 seconds
[2026-05-24T17:24:22.798+0000] {processor.py:186} INFO - Started process (PID=525) to work on /opt/airflow/dags/pipeline.py
[2026-05-24T17:24:22.800+0000] {processor.py:914} INFO - Processing file /opt/airflow/dags/pipeline.py for tasks to queue
[2026-05-24T17:24:22.803+0000] {logging_mixin.py:190} INFO - [2026-05-24T17:24:22.802+0000] {dagbag.py:588} INFO - Filling up the DagBag from /opt/airflow/dags/pipeline.py
[2026-05-24T17:24:22.817+0000] {processor.py:925} INFO - DAG(s) 'lastfm_pipeline' retrieved from /opt/airflow/dags/pipeline.py
[2026-05-24T17:24:22.845+0000] {logging_mixin.py:190} INFO - [2026-05-24T17:24:22.844+0000] {dag.py:3239} INFO - Sync 1 DAGs
[2026-05-24T17:24:22.867+0000] {logging_mixin.py:190} INFO - [2026-05-24T17:24:22.867+0000] {dag.py:4180} INFO - Setting next_dagrun for lastfm_pipeline to 2026-05-23 00:00:00+00:00, run_after=2026-05-24 00:00:00+00:00
[2026-05-24T17:24:22.881+0000] {processor.py:208} INFO - Processing /opt/airflow/dags/pipeline.py took 0.089 seconds
[2026-05-24T17:24:53.023+0000] {processor.py:186} INFO - Started process (PID=530) to work on /opt/airflow/dags/pipeline.py
[2026-05-24T17:24:53.024+0000] {processor.py:914} INFO - Processing file /opt/airflow/dags/pipeline.py for tasks to queue
[2026-05-24T17:24:53.026+0000] {logging_mixin.py:190} INFO - [2026-05-24T17:24:53.026+0000] {dagbag.py:588} INFO - Filling up the DagBag from /opt/airflow/dags/pipeline.py
[2026-05-24T17:24:53.042+0000] {processor.py:925} INFO - DAG(s) 'lastfm_pipeline' retrieved from /opt/airflow/dags/pipeline.py
[2026-05-24T17:24:53.069+0000] {logging_mixin.py:190} INFO - [2026-05-24T17:24:53.069+0000] {dag.py:3239} INFO - Sync 1 DAGs
[2026-05-24T17:24:53.086+0000] {logging_mixin.py:190} INFO - [2026-05-24T17:24:53.086+0000] {dag.py:4180} INFO - Setting next_dagrun for lastfm_pipeline to 2026-05-23 00:00:00+00:00, run_after=2026-05-24 00:00:00+00:00
[2026-05-24T17:24:53.101+0000] {processor.py:208} INFO - Processing /opt/airflow/dags/pipeline.py took 0.084 seconds
[2026-05-24T17:25:23.197+0000] {processor.py:186} INFO - Started process (PID=535) to work on /opt/airflow/dags/pipeline.py
[2026-05-24T17:25:23.200+0000] {processor.py:914} INFO - Processing file /opt/airflow/dags/pipeline.py for tasks to queue
[2026-05-24T17:25:23.202+0000] {logging_mixin.py:190} INFO - [2026-05-24T17:25:23.202+0000] {dagbag.py:588} INFO - Filling up the DagBag from /opt/airflow/dags/pipeline.py
[2026-05-24T17:25:23.219+0000] {processor.py:925} INFO - DAG(s) 'lastfm_pipeline' retrieved from /opt/airflow/dags/pipeline.py
[2026-05-24T17:25:23.248+0000] {logging_mixin.py:190} INFO - [2026-05-24T17:25:23.248+0000] {dag.py:3239} INFO - Sync 1 DAGs
[2026-05-24T17:25:23.270+0000] {logging_mixin.py:190} INFO - [2026-05-24T17:25:23.269+0000] {dag.py:4180} INFO - Setting next_dagrun for lastfm_pipeline to 2026-05-23 00:00:00+00:00, run_after=2026-05-24 00:00:00+00:00
[2026-05-24T17:25:23.288+0000] {processor.py:208} INFO - Processing /opt/airflow/dags/pipeline.py took 0.097 seconds
[2026-05-24T17:25:53.419+0000] {processor.py:186} INFO - Started process (PID=540) to work on /opt/airflow/dags/pipeline.py
[2026-05-24T17:25:53.420+0000] {processor.py:914} INFO - Processing file /opt/airflow/dags/pipeline.py for tasks to queue
[2026-05-24T17:25:53.422+0000] {logging_mixin.py:190} INFO - [2026-05-24T17:25:53.422+0000] {dagbag.py:588} INFO - Filling up the DagBag from /opt/airflow/dags/pipeline.py
[2026-05-24T17:25:53.437+0000] {processor.py:925} INFO - DAG(s) 'lastfm_pipeline' retrieved from /opt/airflow/dags/pipeline.py
[2026-05-24T17:25:53.466+0000] {logging_mixin.py:190} INFO - [2026-05-24T17:25:53.465+0000] {dag.py:3239} INFO - Sync 1 DAGs
[2026-05-24T17:25:53.489+0000] {logging_mixin.py:190} INFO - [2026-05-24T17:25:53.488+0000] {dag.py:4180} INFO - Setting next_dagrun for lastfm_pipeline to 2026-05-23 00:00:00+00:00, run_after=2026-05-24 00:00:00+00:00
[2026-05-24T17:25:53.504+0000] {processor.py:208} INFO - Processing /opt/airflow/dags/pipeline.py took 0.094 seconds
[2026-05-24T17:26:23.594+0000] {processor.py:186} INFO - Started process (PID=545) to work on /opt/airflow/dags/pipeline.py
[2026-05-24T17:26:23.597+0000] {processor.py:914} INFO - Processing file /opt/airflow/dags/pipeline.py for tasks to queue
[2026-05-24T17:26:23.600+0000] {logging_mixin.py:190} INFO - [2026-05-24T17:26:23.600+0000] {dagbag.py:588} INFO - Filling up the DagBag from /opt/airflow/dags/pipeline.py
[2026-05-24T17:26:23.616+0000] {processor.py:925} INFO - DAG(s) 'lastfm_pipeline' retrieved from /opt/airflow/dags/pipeline.py
[2026-05-24T17:26:23.645+0000] {logging_mixin.py:190} INFO - [2026-05-24T17:26:23.645+0000] {dag.py:3239} INFO - Sync 1 DAGs
[2026-05-24T17:26:23.667+0000] {logging_mixin.py:190} INFO - [2026-05-24T17:26:23.667+0000] {dag.py:4180} INFO - Setting next_dagrun for lastfm_pipeline to 2026-05-23 00:00:00+00:00, run_after=2026-05-24 00:00:00+00:00
[2026-05-24T17:26:23.682+0000] {processor.py:208} INFO - Processing /opt/airflow/dags/pipeline.py took 0.094 seconds
[2026-05-24T17:26:53.820+0000] {processor.py:186} INFO - Started process (PID=550) to work on /opt/airflow/dags/pipeline.py
[2026-05-24T17:26:53.823+0000] {processor.py:914} INFO - Processing file /opt/airflow/dags/pipeline.py for tasks to queue
[2026-05-24T17:26:53.826+0000] {logging_mixin.py:190} INFO - [2026-05-24T17:26:53.825+0000] {dagbag.py:588} INFO - Filling up the DagBag from /opt/airflow/dags/pipeline.py
[2026-05-24T17:26:53.839+0000] {processor.py:925} INFO - DAG(s) 'lastfm_pipeline' retrieved from /opt/airflow/dags/pipeline.py
[2026-05-24T17:26:53.864+0000] {logging_mixin.py:190} INFO - [2026-05-24T17:26:53.864+0000] {dag.py:3239} INFO - Sync 1 DAGs
[2026-05-24T17:26:53.883+0000] {logging_mixin.py:190} INFO - [2026-05-24T17:26:53.883+0000] {dag.py:4180} INFO - Setting next_dagrun for lastfm_pipeline to 2026-05-23 00:00:00+00:00, run_after=2026-05-24 00:00:00+00:00
[2026-05-24T17:26:53.897+0000] {processor.py:208} INFO - Processing /opt/airflow/dags/pipeline.py took 0.082 seconds
[2026-05-24T17:27:24.002+0000] {processor.py:186} INFO - Started process (PID=555) to work on /opt/airflow/dags/pipeline.py
[2026-05-24T17:27:24.003+0000] {processor.py:914} INFO - Processing file /opt/airflow/dags/pipeline.py for tasks to queue
[2026-05-24T17:27:24.006+0000] {logging_mixin.py:190} INFO - [2026-05-24T17:27:24.006+0000] {dagbag.py:588} INFO - Filling up the DagBag from /opt/airflow/dags/pipeline.py
[2026-05-24T17:27:24.028+0000] {processor.py:925} INFO - DAG(s) 'lastfm_pipeline' retrieved from /opt/airflow/dags/pipeline.py
[2026-05-24T17:27:24.056+0000] {logging_mixin.py:190} INFO - [2026-05-24T17:27:24.056+0000] {dag.py:3239} INFO - Sync 1 DAGs
[2026-05-24T17:27:24.076+0000] {logging_mixin.py:190} INFO - [2026-05-24T17:27:24.076+0000] {dag.py:4180} INFO - Setting next_dagrun for lastfm_pipeline to 2026-05-23 00:00:00+00:00, run_after=2026-05-24 00:00:00+00:00
[2026-05-24T17:27:24.092+0000] {processor.py:208} INFO - Processing /opt/airflow/dags/pipeline.py took 0.099 seconds
[2026-05-24T17:27:54.210+0000] {processor.py:186} INFO - Started process (PID=560) to work on /opt/airflow/dags/pipeline.py
[2026-05-24T17:27:54.211+0000] {processor.py:914} INFO - Processing file /opt/airflow/dags/pipeline.py for tasks to queue
[2026-05-24T17:27:54.214+0000] {logging_mixin.py:190} INFO - [2026-05-24T17:27:54.214+0000] {dagbag.py:588} INFO - Filling up the DagBag from /opt/airflow/dags/pipeline.py
[2026-05-24T17:27:54.229+0000] {processor.py:925} INFO - DAG(s) 'lastfm_pipeline' retrieved from /opt/airflow/dags/pipeline.py
[2026-05-24T17:27:54.257+0000] {logging_mixin.py:190} INFO - [2026-05-24T17:27:54.256+0000] {dag.py:3239} INFO - Sync 1 DAGs
[2026-05-24T17:27:54.281+0000] {logging_mixin.py:190} INFO - [2026-05-24T17:27:54.280+0000] {dag.py:4180} INFO - Setting next_dagrun for lastfm_pipeline to 2026-05-23 00:00:00+00:00, run_after=2026-05-24 00:00:00+00:00
[2026-05-24T17:27:54.300+0000] {processor.py:208} INFO - Processing /opt/airflow/dags/pipeline.py took 0.096 seconds
[2026-05-24T17:28:24.416+0000] {processor.py:186} INFO - Started process (PID=565) to work on /opt/airflow/dags/pipeline.py
[2026-05-24T17:28:24.416+0000] {processor.py:914} INFO - Processing file /opt/airflow/dags/pipeline.py for tasks to queue
[2026-05-24T17:28:24.419+0000] {logging_mixin.py:190} INFO - [2026-05-24T17:28:24.419+0000] {dagbag.py:588} INFO - Filling up the DagBag from /opt/airflow/dags/pipeline.py
[2026-05-24T17:28:24.433+0000] {processor.py:925} INFO - DAG(s) 'lastfm_pipeline' retrieved from /opt/airflow/dags/pipeline.py
[2026-05-24T17:28:24.462+0000] {logging_mixin.py:190} INFO - [2026-05-24T17:28:24.462+0000] {dag.py:3239} INFO - Sync 1 DAGs
[2026-05-24T17:28:24.485+0000] {logging_mixin.py:190} INFO - [2026-05-24T17:28:24.485+0000] {dag.py:4180} INFO - Setting next_dagrun for lastfm_pipeline to 2026-05-23 00:00:00+00:00, run_after=2026-05-24 00:00:00+00:00
[2026-05-24T17:28:24.500+0000] {processor.py:208} INFO - Processing /opt/airflow/dags/pipeline.py took 0.090 seconds
[2026-05-24T17:28:54.724+0000] {processor.py:186} INFO - Started process (PID=570) to work on /opt/airflow/dags/pipeline.py
[2026-05-24T17:28:54.725+0000] {processor.py:914} INFO - Processing file /opt/airflow/dags/pipeline.py for tasks to queue
[2026-05-24T17:28:54.730+0000] {logging_mixin.py:190} INFO - [2026-05-24T17:28:54.729+0000] {dagbag.py:588} INFO - Filling up the DagBag from /opt/airflow/dags/pipeline.py
[2026-05-24T17:28:54.771+0000] {processor.py:925} INFO - DAG(s) 'lastfm_pipeline' retrieved from /opt/airflow/dags/pipeline.py
[2026-05-24T17:28:54.829+0000] {logging_mixin.py:190} INFO - [2026-05-24T17:28:54.829+0000] {dag.py:3239} INFO - Sync 1 DAGs
[2026-05-24T17:28:54.881+0000] {logging_mixin.py:190} INFO - [2026-05-24T17:28:54.881+0000] {dag.py:4180} INFO - Setting next_dagrun for lastfm_pipeline to 2026-05-23 00:00:00+00:00, run_after=2026-05-24 00:00:00+00:00
[2026-05-24T17:28:54.917+0000] {processor.py:208} INFO - Processing /opt/airflow/dags/pipeline.py took 0.211 seconds
[2026-05-24T17:29:25.037+0000] {processor.py:186} INFO - Started process (PID=575) to work on /opt/airflow/dags/pipeline.py
[2026-05-24T17:29:25.038+0000] {processor.py:914} INFO - Processing file /opt/airflow/dags/pipeline.py for tasks to queue
[2026-05-24T17:29:25.042+0000] {logging_mixin.py:190} INFO - [2026-05-24T17:29:25.042+0000] {dagbag.py:588} INFO - Filling up the DagBag from /opt/airflow/dags/pipeline.py
[2026-05-24T17:29:25.077+0000] {processor.py:925} INFO - DAG(s) 'lastfm_pipeline' retrieved from /opt/airflow/dags/pipeline.py
[2026-05-24T17:29:25.136+0000] {logging_mixin.py:190} INFO - [2026-05-24T17:29:25.135+0000] {dag.py:3239} INFO - Sync 1 DAGs
[2026-05-24T17:29:25.187+0000] {logging_mixin.py:190} INFO - [2026-05-24T17:29:25.186+0000] {dag.py:4180} INFO - Setting next_dagrun for lastfm_pipeline to 2026-05-23 00:00:00+00:00, run_after=2026-05-24 00:00:00+00:00
[2026-05-24T17:29:25.222+0000] {processor.py:208} INFO - Processing /opt/airflow/dags/pipeline.py took 0.200 seconds
[2026-05-24T17:29:55.448+0000] {processor.py:186} INFO - Started process (PID=580) to work on /opt/airflow/dags/pipeline.py
[2026-05-24T17:29:55.451+0000] {processor.py:914} INFO - Processing file /opt/airflow/dags/pipeline.py for tasks to queue
[2026-05-24T17:29:55.457+0000] {logging_mixin.py:190} INFO - [2026-05-24T17:29:55.456+0000] {dagbag.py:588} INFO - Filling up the DagBag from /opt/airflow/dags/pipeline.py
[2026-05-24T17:29:55.492+0000] {processor.py:925} INFO - DAG(s) 'lastfm_pipeline' retrieved from /opt/airflow/dags/pipeline.py
[2026-05-24T17:29:55.552+0000] {logging_mixin.py:190} INFO - [2026-05-24T17:29:55.552+0000] {dag.py:3239} INFO - Sync 1 DAGs
[2026-05-24T17:29:55.602+0000] {logging_mixin.py:190} INFO - [2026-05-24T17:29:55.601+0000] {dag.py:4180} INFO - Setting next_dagrun for lastfm_pipeline to 2026-05-23 00:00:00+00:00, run_after=2026-05-24 00:00:00+00:00
[2026-05-24T17:29:55.640+0000] {processor.py:208} INFO - Processing /opt/airflow/dags/pipeline.py took 0.206 seconds
[2026-05-24T17:30:25.764+0000] {processor.py:186} INFO - Started process (PID=585) to work on /opt/airflow/dags/pipeline.py
[2026-05-24T17:30:25.765+0000] {processor.py:914} INFO - Processing file /opt/airflow/dags/pipeline.py for tasks to queue
[2026-05-24T17:30:25.770+0000] {logging_mixin.py:190} INFO - [2026-05-24T17:30:25.769+0000] {dagbag.py:588} INFO - Filling up the DagBag from /opt/airflow/dags/pipeline.py
[2026-05-24T17:30:25.810+0000] {processor.py:925} INFO - DAG(s) 'lastfm_pipeline' retrieved from /opt/airflow/dags/pipeline.py
[2026-05-24T17:30:25.874+0000] {logging_mixin.py:190} INFO - [2026-05-24T17:30:25.873+0000] {dag.py:3239} INFO - Sync 1 DAGs
[2026-05-24T17:30:25.925+0000] {logging_mixin.py:190} INFO - [2026-05-24T17:30:25.924+0000] {dag.py:4180} INFO - Setting next_dagrun for lastfm_pipeline to 2026-05-23 00:00:00+00:00, run_after=2026-05-24 00:00:00+00:00
[2026-05-24T17:30:25.963+0000] {processor.py:208} INFO - Processing /opt/airflow/dags/pipeline.py took 0.213 seconds
[2026-05-24T17:30:56.187+0000] {processor.py:186} INFO - Started process (PID=590) to work on /opt/airflow/dags/pipeline.py
[2026-05-24T17:30:56.190+0000] {processor.py:914} INFO - Processing file /opt/airflow/dags/pipeline.py for tasks to queue
[2026-05-24T17:30:56.195+0000] {logging_mixin.py:190} INFO - [2026-05-24T17:30:56.195+0000] {dagbag.py:588} INFO - Filling up the DagBag from /opt/airflow/dags/pipeline.py
[2026-05-24T17:30:56.232+0000] {processor.py:925} INFO - DAG(s) 'lastfm_pipeline' retrieved from /opt/airflow/dags/pipeline.py
[2026-05-24T17:30:56.293+0000] {logging_mixin.py:190} INFO - [2026-05-24T17:30:56.292+0000] {dag.py:3239} INFO - Sync 1 DAGs
[2026-05-24T17:30:56.346+0000] {logging_mixin.py:190} INFO - [2026-05-24T17:30:56.345+0000] {dag.py:4180} INFO - Setting next_dagrun for lastfm_pipeline to 2026-05-23 00:00:00+00:00, run_after=2026-05-24 00:00:00+00:00
[2026-05-24T17:30:56.383+0000] {processor.py:208} INFO - Processing /opt/airflow/dags/pipeline.py took 0.211 seconds
